Archive member included because of file (symbol)

../../../../../prebuilt/driver/chip/mt2523/lib/libcryptos_CM4_GCC.a(br_crypto_drv_SEJ_AES_HW.o)
                              ../../../../../project/mt2523_hdk/apps/fatfs_read_write_file/GCC/build/driver/chip/mt2523/src/hal_aes.o (AES_HW_Init)
../../../../../prebuilt/driver/chip/mt2523/lib/libcryptos_CM4_GCC.a(br_crypto_drv.o)
                              ../../../../../prebuilt/driver/chip/mt2523/lib/libcryptos_CM4_GCC.a(br_crypto_drv_SEJ_AES_HW.o) (Key_Feedback_XOR_Handler)
../../../../../prebuilt/driver/chip/mt2523/lib/libhal_core_CM4_GCC.a(hal_clock.o)
                              ../../../../../project/mt2523_hdk/apps/fatfs_read_write_file/GCC/build/driver/chip/mt2523/src/hal_msdc.o (clock_mux_sel)
../../../../../prebuilt/driver/chip/mt2523/lib/libhal_core_CM4_GCC.a(hal_cm4_topsm.o)
                              ../../../../../project/mt2523_hdk/apps/fatfs_read_write_file/GCC/build/driver/chip/mt2523/src/hal_g2d.o (cm4_topsm_lock_MM_MTCMOS)
../../../../../prebuilt/driver/chip/mt2523/lib/libhal_core_CM4_GCC.a(hal_cm4_topsm_internal.o)
                              ../../../../../prebuilt/driver/chip/mt2523/lib/libhal_core_CM4_GCC.a(hal_cm4_topsm.o) (deepsleep_backup_CM4_sys_ctrl_reg)
../../../../../prebuilt/driver/chip/mt2523/lib/libhal_core_CM4_GCC.a(hal_sys_topsm.o)
                              ../../../../../prebuilt/driver/chip/mt2523/lib/libhal_core_CM4_GCC.a(hal_cm4_topsm.o) (sys_topsm_mtcmos_control)
../../../../../prebuilt/driver/chip/mt2523/lib/libhal_core_CM4_GCC.a(hal_dsp_topsm.o)
                              ../../../../../project/mt2523_hdk/apps/fatfs_read_write_file/GCC/build/driver/chip/mt2523/src/hal_audio.o (hal_dsp_topsm_get_resource)
../../../../../prebuilt/driver/chip/mt2523/lib/libhal_core_CM4_GCC.a(hal_sleep_driver.o)
                              ../../../../../prebuilt/driver/chip/mt2523/lib/libhal_core_CM4_GCC.a(hal_cm4_topsm.o) (sleep_driver_debug_dump_lock_sleep_time)
../../../../../prebuilt/driver/chip/mt2523/lib/libhal_core_CM4_GCC.a(hal_sleep_manager.o)
                              ../../../../../project/mt2523_hdk/apps/fatfs_read_write_file/GCC/build/driver/chip/mt2523/src/hal_audio_internal_service.o (hal_sleep_manager_set_sleep_handle)
../../../../../prebuilt/driver/chip/mt2523/lib/libhal_protected_CM4_GCC.a(hal_audio_fw_internal_dll_CM_2523_Audio_Header.o)
                              ../../../../../project/mt2523_hdk/apps/fatfs_read_write_file/GCC/build/driver/chip/mt2523/src/hal_audio_fw_interface.o (cmdll_Audio_Header)
../../../../../prebuilt/driver/chip/mt2523/lib/libhal_protected_CM4_GCC.a(hal_audio_fw_internal_dll_CM_2523_Header_Kernel.o)
                              ../../../../../project/mt2523_hdk/apps/fatfs_read_write_file/GCC/build/driver/chip/mt2523/src/hal_audio_fw_interface.o (cmdll_Header_Kernel)
../../../../../prebuilt/driver/chip/mt2523/lib/libhal_protected_CM4_GCC.a(hal_audio_fw_internal_dll_CM_2523_I2S.o)
                              ../../../../../project/mt2523_hdk/apps/fatfs_read_write_file/GCC/build/driver/chip/mt2523/src/hal_audio_fw_interface.o (cmdll_I2S)
../../../../../prebuilt/driver/chip/mt2523/lib/libhal_protected_CM4_GCC.a(hal_audio_fw_internal_dll_CM_2523_SBC_DEC.o)
                              ../../../../../project/mt2523_hdk/apps/fatfs_read_write_file/GCC/build/driver/chip/mt2523/src/hal_audio_fw_interface.o (cmdll_SBC_DEC)
../../../../../prebuilt/driver/chip/mt2523/lib/libhal_protected_CM4_GCC.a(hal_audio_fw_internal_dll_CM_2523_TCH2.o)
                              ../../../../../project/mt2523_hdk/apps/fatfs_read_write_file/GCC/build/driver/chip/mt2523/src/hal_audio_fw_interface.o (cmdll_TCH2)
../../../../../prebuilt/driver/chip/mt2523/lib/libhal_protected_CM4_GCC.a(hal_audio_fw_internal_dll_CM_2523_TCH.o)
                              ../../../../../project/mt2523_hdk/apps/fatfs_read_write_file/GCC/build/driver/chip/mt2523/src/hal_audio_fw_interface.o (cmdll_TCH)
../../../../../prebuilt/driver/chip/mt2523/lib/libhal_protected_CM4_GCC.a(hal_audio_fw_internal_dll_CM_2523_IIR.o)
                              ../../../../../project/mt2523_hdk/apps/fatfs_read_write_file/GCC/build/driver/chip/mt2523/src/hal_audio_fw_interface.o (cmdll_IIR)
../../../../../prebuilt/driver/chip/mt2523/lib/libhal_protected_CM4_GCC.a(hal_audio_fw_internal_dll_CM_2523_PCM_SD_PLAYBACK.o)
                              ../../../../../project/mt2523_hdk/apps/fatfs_read_write_file/GCC/build/driver/chip/mt2523/src/hal_audio_fw_interface.o (cmdll_PCM_SD_PLAYBACK)
../../../../../prebuilt/driver/chip/mt2523/lib/libhal_protected_CM4_GCC.a(hal_audio_fw_internal_dll_PM_2523_AECS.o)
                              ../../../../../project/mt2523_hdk/apps/fatfs_read_write_file/GCC/build/driver/chip/mt2523/src/hal_audio_fw_interface.o (pmdll_AECS)
../../../../../prebuilt/driver/chip/mt2523/lib/libhal_protected_CM4_GCC.a(hal_audio_fw_internal_dll_PM_2523_SBC_DEC.o)
[...]
Memory Configuration

Name             Origin             Length             Attributes
ROM_BL           0x08000000         0x00010000         xr
ROM_RTOS         0x08010000         0x003d0000         xr
ROM_NVDM_RESERVED 0x083e0000         0x00010000         xr
ROM_EPO_RESERVED 0x083f0000         0x00010000         xr
RAM              0x00000000         0x00400000         xrw
VRAM             0x10000000         0x00400000         xrw
TCM              0x04008000         0x00020000         xrw
*default*        0x00000000         0xffffffff

Linker script and memory map

LOAD /home/zhangchg/linkit_sdk/tools/gcc/gcc-arm-none-eabi/bin/../lib/gcc/arm-none-eabi/4.8.4/../../../../arm-none-eabi/lib/armv7e-m/fpu/libnosys.a
                0x04028000                _stack_end = (ORIGIN (TCM) + 0x20000)
                0x00001000                _stack_size = 0x1000
                0x04027000                _stack_start = (_stack_end - _stack_size)
                0x08010000                . = ORIGIN (ROM_RTOS)

.text           0x08010000    0x1206c
                0x08010000                _text_start = .
                0x08010000                Image$$TEXT$$Base = .
 *(.reset_handler)
 .reset_handler
                0x08010000       0xdc ../../../../../project/mt2523_hdk/apps/fatfs_read_write_file/GCC/build/project/mt2523_hdk/apps/fatfs_read_write_file/GCC/startup_mt2523.o
                0x08010000                Reset_Handler
 *(.init)
 *(.fini)
 *(.text)
 .text          0x080100dc       0x2c /home/zhangchg/linkit_sdk/tools/gcc/gcc-arm-none-eabi/bin/../lib/gcc/arm-none-eabi/4.8.4/armv7e-m/fpu/libgcc.a(_aeabi_uldivmod.o)
                0x080100dc                __aeabi_uldivmod
 .text          0x08010108       0x60 /home/zhangchg/linkit_sdk/tools/gcc/gcc-arm-none-eabi/bin/../lib/gcc/arm-none-eabi/4.8.4/armv7e-m/fpu/libgcc.a(bpabi.o)
                0x08010108                __gnu_ldivmod_helper
                0x08010138                __gnu_uldivmod_helper
 .text          0x08010168        0x4 /home/zhangchg/linkit_sdk/tools/gcc/gcc-arm-none-eabi/bin/../lib/gcc/arm-none-eabi/4.8.4/armv7e-m/fpu/libgcc.a(_dvmd_tls.o)
                0x08010168                __aeabi_ldiv0
                0x08010168                __aeabi_idiv0
 .text          0x0801016c      0x298 /home/zhangchg/linkit_sdk/tools/gcc/gcc-arm-none-eabi/bin/../lib/gcc/arm-none-eabi/4.8.4/armv7e-m/fpu/libgcc.a(_divdi3.o)
                0x0801016c                __divdi3
 .text          0x08010404      0x284 /home/zhangchg/linkit_sdk/tools/gcc/gcc-arm-none-eabi/bin/../lib/gcc/arm-none-eabi/4.8.4/armv7e-m/fpu/libgcc.a(_udivdi3.o)
                0x08010404                __udivdi3
 .text          0x08010688       0x14 /home/zhangchg/linkit_sdk/tools/gcc/gcc-arm-none-eabi/bin/../lib/gcc/arm-none-eabi/4.8.4/../../../../arm-none-eabi/lib/armv7e-m/fpu/libc_s.a(lib_a-strcmp.o)
                0x08010688                strcmp
 *(.text*)
 .text.gpio_mode_init
                0x0801069c       0x58 ../../../../../project/mt2523_hdk/apps/fatfs_read_write_file/GCC/build/driver/board/mt25x3_hdk/ept/src/bsp_gpio_ept_config.o
                0x0801069c                gpio_mode_init
 .text.gpio_dir_init
                0x080106f4       0x18 ../../../../../project/mt2523_hdk/apps/fatfs_read_write_file/GCC/build/driver/board/mt25x3_hdk/ept/src/bsp_gpio_ept_config.o
                0x080106f4                gpio_dir_init
 .text.gpio_pull_sel_init
                0x0801070c       0x18 ../../../../../project/mt2523_hdk/apps/fatfs_read_write_file/GCC/build/driver/board/mt25x3_hdk/ept/src/bsp_gpio_ept_config.o
                0x0801070c                gpio_pull_sel_init
 .text.gpio_pullen_init
                0x08010724       0x18 ../../../../../project/mt2523_hdk/apps/fatfs_read_write_file/GCC/build/driver/board/mt25x3_hdk/ept/src/bsp_gpio_ept_config.o
                0x08010724                gpio_pullen_init
 .text.gpio_output_init
                0x0801073c       0x18 ../../../../../project/mt2523_hdk/apps/fatfs_read_write_file/GCC/build/driver/board/mt25x3_hdk/ept/src/bsp_gpio_ept_config.o
                0x0801073c                gpio_output_init
 .text.gpio_pupd_init
                0x08010754       0x1c ../../../../../project/mt2523_hdk/apps/fatfs_read_write_file/GCC/build/driver/board/mt25x3_hdk/ept/src/bsp_gpio_ept_config.o
                0x08010754                gpio_pupd_init
 .text.gpio_r0_init
                0x08010770       0x1c ../../../../../project/mt2523_hdk/apps/fatfs_read_write_file/GCC/build/driver/board/mt25x3_hdk/ept/src/bsp_gpio_ept_config.o
                0x08010770                gpio_r0_init
 .text.gpio_r1_init
                0x0801078c       0x14 ../../../../../project/mt2523_hdk/apps/fatfs_read_write_file/GCC/build/driver/board/mt25x3_hdk/ept/src/bsp_gpio_ept_config.o
                0x0801078c                gpio_r1_init
 .text.bsp_ept_gpio_setting_init
                0x080107a0       0x26 ../../../../../project/mt2523_hdk/apps/fatfs_read_write_file/GCC/build/driver/board/mt25x3_hdk/ept/src/bsp_gpio_ept_config.o
                0x080107a0                bsp_ept_gpio_setting_init
 *fill*         0x080107c6        0x2 
 .text.prvResetNextTaskUnblockTime
                0x080107c8       0x24 ../../../../../project/mt2523_hdk/apps/fatfs_read_write_file/GCC/build/kernel/rtos/FreeRTOS/Source/tasks.o
 .text.prvAddCurrentTaskToDelayedList
                0x080107ec       0x50 ../../../../../project/mt2523_hdk/apps/fatfs_read_write_file/GCC/build/kernel/rtos/FreeRTOS/Source/tasks.o
 .text.xTaskGenericCreate
                0x0801083c      0x1e0 ../../../../../project/mt2523_hdk/apps/fatfs_read_write_file/GCC/build/kernel/rtos/FreeRTOS/Source/tasks.o
                0x0801083c                xTaskGenericCreate
 .text.vTaskPrioritySet
                0x08010a1c       0xe0 ../../../../../project/mt2523_hdk/apps/fatfs_read_write_file/GCC/build/kernel/rtos/FreeRTOS/Source/tasks.o
                0x08010a1c                vTaskPrioritySet
 .text.vTaskSuspendAll
                0x08010afc       0x10 ../../../../../project/mt2523_hdk/apps/fatfs_read_write_file/GCC/build/kernel/rtos/FreeRTOS/Source/tasks.o
                0x08010afc                vTaskSuspendAll
 .text.xTaskIncrementTick
                0x08010b0c      0x118 ../../../../../project/mt2523_hdk/apps/fatfs_read_write_file/GCC/build/kernel/rtos/FreeRTOS/Source/tasks.o
                0x08010b0c                xTaskIncrementTick
 .text.xTaskResumeAll
                0x08010c24       0xe8 ../../../../../project/mt2523_hdk/apps/fatfs_read_write_file/GCC/build/kernel/rtos/FreeRTOS/Source/tasks.o
                0x08010c24                xTaskResumeAll
 .text.vTaskSwitchContext
                0x08010d0c       0xc0 ../../../../../project/mt2523_hdk/apps/fatfs_read_write_file/GCC/build/kernel/rtos/FreeRTOS/Source/tasks.o
                0x08010d0c                vTaskSwitchContext
 .text.vTaskPlaceOnEventList
                0x08010dcc       0x78 ../../../../../project/mt2523_hdk/apps/fatfs_read_write_file/GCC/build/kernel/rtos/FreeRTOS/Source/tasks.o
                0x08010dcc                vTaskPlaceOnEventList
 .text.xTaskRemoveFromEventList
                0x08010e44       0x84 ../../../../../project/mt2523_hdk/apps/fatfs_read_write_file/GCC/build/kernel/rtos/FreeRTOS/Source/tasks.o
                0x08010e44                xTaskRemoveFromEventList
 .text.vTaskSetTimeOutState
                0x08010ec8       0x30 ../../../../../project/mt2523_hdk/apps/fatfs_read_write_file/GCC/build/kernel/rtos/FreeRTOS/Source/tasks.o
                0x08010ec8                vTaskSetTimeOutState
 .text.xTaskCheckForTimeOut
                0x08010ef8       0x74 ../../../../../project/mt2523_hdk/apps/fatfs_read_write_file/GCC/build/kernel/rtos/FreeRTOS/Source/tasks.o
                0x08010ef8                xTaskCheckForTimeOut
 .text.vTaskMissedYield
                0x08010f6c        0xc ../../../../../project/mt2523_hdk/apps/fatfs_read_write_file/GCC/build/kernel/rtos/FreeRTOS/Source/tasks.o
                0x08010f6c                vTaskMissedYield
 .text.xTaskGetSchedulerState
                0x08010f78       0x20 ../../../../../project/mt2523_hdk/apps/fatfs_read_write_file/GCC/build/kernel/rtos/FreeRTOS/Source/tasks.o
                0x08010f78                xTaskGetSchedulerState
 .text.vTaskPriorityInherit
                0x08010f98       0x94 ../../../../../project/mt2523_hdk/apps/fatfs_read_write_file/GCC/build/kernel/rtos/FreeRTOS/Source/tasks.o
                0x08010f98                vTaskPriorityInherit
 .text.xTaskPriorityDisinherit
                0x0801102c       0x88 ../../../../../project/mt2523_hdk/apps/fatfs_read_write_file/GCC/build/kernel/rtos/FreeRTOS/Source/tasks.o
                0x0801102c                xTaskPriorityDisinherit
 .text.pvTaskIncrementMutexHeldCount
                0x080110b4       0x18 ../../../../../project/mt2523_hdk/apps/fatfs_read_write_file/GCC/build/kernel/rtos/FreeRTOS/Source/tasks.o
                0x080110b4                pvTaskIncrementMutexHeldCount
 .text.uxTaskGetBottomOfStack
                0x080110cc       0x10 ../../../../../project/mt2523_hdk/apps/fatfs_read_write_file/GCC/build/kernel/rtos/FreeRTOS/Source/tasks.o
                0x080110cc                uxTaskGetBottomOfStack
 .text.vListInitialise
                0x080110dc       0x16 ../../../../../project/mt2523_hdk/apps/fatfs_read_write_file/GCC/build/kernel/rtos/FreeRTOS/Source/list.o
                0x080110dc                vListInitialise
 .text.vListInitialiseItem
                0x080110f2        0x6 ../../../../../project/mt2523_hdk/apps/fatfs_read_write_file/GCC/build/kernel/rtos/FreeRTOS/Source/list.o
                0x080110f2                vListInitialiseItem
 .text.vListInsertEnd
                0x080110f8       0x18 ../../../../../project/mt2523_hdk/apps/fatfs_read_write_file/GCC/build/kernel/rtos/FreeRTOS/Source/list.o
                0x080110f8                vListInsertEnd
 .text.vListInsert
                0x08011110       0x30 ../../../../../project/mt2523_hdk/apps/fatfs_read_write_file/GCC/build/kernel/rtos/FreeRTOS/Source/list.o
                0x08011110                vListInsert
 .text.uxListRemove
                0x08011140       0x24 ../../../../../project/mt2523_hdk/apps/fatfs_read_write_file/GCC/build/kernel/rtos/FreeRTOS/Source/list.o
                0x08011140                uxListRemove
 .text.prvCopyDataToQueue
                0x08011164       0x6a ../../../../../project/mt2523_hdk/apps/fatfs_read_write_file/GCC/build/kernel/rtos/FreeRTOS/Source/queue.o
 .text.prvCopyDataFromQueue
                0x080111ce       0x26 ../../../../../project/mt2523_hdk/apps/fatfs_read_write_file/GCC/build/kernel/rtos/FreeRTOS/Source/queue.o
 .text.prvUnlockQueue
                0x080111f4       0x64 ../../../../../project/mt2523_hdk/apps/fatfs_read_write_file/GCC/build/kernel/rtos/FreeRTOS/Source/queue.o
 .text.xQueueGenericReset
                0x08011258       0x80 ../../../../../project/mt2523_hdk/apps/fatfs_read_write_file/GCC/build/kernel/rtos/FreeRTOS/Source/queue.o
                0x08011258                xQueueGenericReset
 .text.xQueueGenericCreate
                0x080112d8       0x68 ../../../../../project/mt2523_hdk/apps/fatfs_read_write_file/GCC/build/kernel/rtos/FreeRTOS/Source/queue.o
                0x080112d8                xQueueGenericCreate
 .text.xQueueGenericSend
                0x08011340      0x16c ../../../../../project/mt2523_hdk/apps/fatfs_read_write_file/GCC/build/kernel/rtos/FreeRTOS/Source/queue.o
                0x08011340                xQueueGenericSend
 .text.xQueueGenericSendFromISR
                0x080114ac       0xb8 ../../../../../project/mt2523_hdk/apps/fatfs_read_write_file/GCC/build/kernel/rtos/FreeRTOS/Source/queue.o
                0x080114ac                xQueueGenericSendFromISR
 .text.xQueueGenericReceive
                0x08011564      0x170 ../../../../../project/mt2523_hdk/apps/fatfs_read_write_file/GCC/build/kernel/rtos/FreeRTOS/Source/queue.o
                0x08011564                xQueueGenericReceive
 .text.prvTaskExitError
                0x080116d4       0x34 ../../../../../project/mt2523_hdk/apps/fatfs_read_write_file/GCC/build/kernel/rtos/FreeRTOS/Source/portable/GCC/ARM_CM4F/port.o
 .text.pxPortInitialiseStack
                0x08011708       0x24 ../../../../../project/mt2523_hdk/apps/fatfs_read_write_file/GCC/build/kernel/rtos/FreeRTOS/Source/portable/GCC/ARM_CM4F/port.o
                0x08011708                pxPortInitialiseStack
 .text.vPortCurrentTaskStackOverflowCheck
                0x0801172c       0x18 ../../../../../project/mt2523_hdk/apps/fatfs_read_write_file/GCC/build/kernel/rtos/FreeRTOS/Source/portable/GCC/ARM_CM4F/port.o
                0x0801172c                vPortCurrentTaskStackOverflowCheck
 .text.vPortEnterCritical
                0x08011744       0x44 ../../../../../project/mt2523_hdk/apps/fatfs_read_write_file/GCC/build/kernel/rtos/FreeRTOS/Source/portable/GCC/ARM_CM4F/port.o
                0x08011744                vPortEnterCritical
 .text.vPortExitCritical
                0x08011788       0x30 ../../../../../project/mt2523_hdk/apps/fatfs_read_write_file/GCC/build/kernel/rtos/FreeRTOS/Source/portable/GCC/ARM_CM4F/port.o
                0x08011788                vPortExitCritical
 .text.vPortValidateInterruptPriority
                0x080117b8       0x60 ../../../../../project/mt2523_hdk/apps/fatfs_read_write_file/GCC/build/kernel/rtos/FreeRTOS/Source/portable/GCC/ARM_CM4F/port.o
                0x080117b8                vPortValidateInterruptPriority
 .text.prvInsertBlockIntoFreeList
                0x08011818       0x4c ../../../../../project/mt2523_hdk/apps/fatfs_read_write_file/GCC/build/kernel/rtos/FreeRTOS/Source/portable/MemMang/heap_4.o
 .text.pvPortMalloc
                0x08011864      0x138 ../../../../../project/mt2523_hdk/apps/fatfs_read_write_file/GCC/build/kernel/rtos/FreeRTOS/Source/portable/MemMang/heap_4.o
                0x08011864                pvPortMalloc
 .text.vPortFree
                0x0801199c       0x80 ../../../../../project/mt2523_hdk/apps/fatfs_read_write_file/GCC/build/kernel/rtos/FreeRTOS/Source/portable/MemMang/heap_4.o
                0x0801199c                vPortFree
 .text.ld_dword
                0x08011a1c       0x16 ../../../../../project/mt2523_hdk/apps/fatfs_read_write_file/GCC/build/middleware/third_party/fatfs/src/ff.o
 .text.st_dword
                0x08011a32       0x10 ../../../../../project/mt2523_hdk/apps/fatfs_read_write_file/GCC/build/middleware/third_party/fatfs/src/ff.o
 .text.mem_set  0x08011a42        0xc ../../../../../project/mt2523_hdk/apps/fatfs_read_write_file/GCC/build/middleware/third_party/fatfs/src/ff.o
 .text.clust2sect
                0x08011a4e       0x16 ../../../../../project/mt2523_hdk/apps/fatfs_read_write_file/GCC/build/middleware/third_party/fatfs/src/ff.o
 .text.clmt_clust
                0x08011a64       0x22 ../../../../../project/mt2523_hdk/apps/fatfs_read_write_file/GCC/build/middleware/third_party/fatfs/src/ff.o
 *fill*         0x08011a86        0x2 
 .text.get_ldnumber
                0x08011a88       0x80 ../../../../../project/mt2523_hdk/apps/fatfs_read_write_file/GCC/build/middleware/third_party/fatfs/src/ff.o
 .text.validate
                0x08011b08       0x36 ../../../../../project/mt2523_hdk/apps/fatfs_read_write_file/GCC/build/middleware/third_party/fatfs/src/ff.o
 .text.mem_cpy.part.0
                0x08011b3e       0x10 ../../../../../project/mt2523_hdk/apps/fatfs_read_write_file/GCC/build/middleware/third_party/fatfs/src/ff.o
 .text.ld_clust.isra.1
                0x08011b4e       0x1c ../../../../../project/mt2523_hdk/apps/fatfs_read_write_file/GCC/build/middleware/third_party/fatfs/src/ff.o
 .text.st_clust.isra.2
                0x08011b6a       0x18 ../../../../../project/mt2523_hdk/apps/fatfs_read_write_file/GCC/build/middleware/third_party/fatfs/src/ff.o
 .text.sync_window.part.4
                0x08011b82       0x46 ../../../../../project/mt2523_hdk/apps/fatfs_read_write_file/GCC/build/middleware/third_party/fatfs/src/ff.o
 .text.sync_window
                0x08011bc8        0xc ../../../../../project/mt2523_hdk/apps/fatfs_read_write_file/GCC/build/middleware/third_party/fatfs/src/ff.o
 .text.move_window
                0x08011bd4       0x38 ../../../../../project/mt2523_hdk/apps/fatfs_read_write_file/GCC/build/middleware/third_party/fatfs/src/ff.o
 .text.check_fs
                0x08011c0c       0x84 ../../../../../project/mt2523_hdk/apps/fatfs_read_write_file/GCC/build/middleware/third_party/fatfs/src/ff.o
 .text.find_volume
                0x08011c90      0x290 ../../../../../project/mt2523_hdk/apps/fatfs_read_write_file/GCC/build/middleware/third_party/fatfs/src/ff.o
 .text.put_fat  0x08011f20       0xf6 ../../../../../project/mt2523_hdk/apps/fatfs_read_write_file/GCC/build/middleware/third_party/fatfs/src/ff.o
 .text.get_fat.isra.8
                0x08012016       0xb6 ../../../../../project/mt2523_hdk/apps/fatfs_read_write_file/GCC/build/middleware/third_party/fatfs/src/ff.o
 .text.dir_sdi  0x080120cc       0x92 ../../../../../project/mt2523_hdk/apps/fatfs_read_write_file/GCC/build/middleware/third_party/fatfs/src/ff.o
 .text.create_chain
                0x0801215e       0xb6 ../../../../../project/mt2523_hdk/apps/fatfs_read_write_file/GCC/build/middleware/third_party/fatfs/src/ff.o
 .text.remove_chain
                0x08012214       0x6c ../../../../../project/mt2523_hdk/apps/fatfs_read_write_file/GCC/build/middleware/third_party/fatfs/src/ff.o
 .text.sync_fs  0x08012280       0x96 ../../../../../project/mt2523_hdk/apps/fatfs_read_write_file/GCC/build/middleware/third_party/fatfs/src/ff.o
 .text.dir_next
                0x08012316       0xf8 ../../../../../project/mt2523_hdk/apps/fatfs_read_write_file/GCC/build/middleware/third_party/fatfs/src/ff.o
 *fill*         0x0801240e        0x2 
 .text.follow_path
                0x08012410      0x1ec ../../../../../project/mt2523_hdk/apps/fatfs_read_write_file/GCC/build/middleware/third_party/fatfs/src/ff.o
 .text.dir_alloc.constprop.9
                0x080125fc       0x34 ../../../../../project/mt2523_hdk/apps/fatfs_read_write_file/GCC/build/middleware/third_party/fatfs/src/ff.o
 .text.dir_register
                0x08012630       0x38 ../../../../../project/mt2523_hdk/apps/fatfs_read_write_file/GCC/build/middleware/third_party/fatfs/src/ff.o
 .text.f_mount  0x08012668       0x54 ../../../../../project/mt2523_hdk/apps/fatfs_read_write_file/GCC/build/middleware/third_party/fatfs/src/ff.o
                0x08012668                f_mount
 .text.f_open   0x080126bc      0x1ce ../../../../../project/mt2523_hdk/apps/fatfs_read_write_file/GCC/build/middleware/third_party/fatfs/src/ff.o
                0x080126bc                f_open
 .text.f_read   0x0801288a      0x164 ../../../../../project/mt2523_hdk/apps/fatfs_read_write_file/GCC/build/middleware/third_party/fatfs/src/ff.o
                0x0801288a                f_read
 .text.f_write  0x080129ee      0x196 ../../../../../project/mt2523_hdk/apps/fatfs_read_write_file/GCC/build/middleware/third_party/fatfs/src/ff.o
                0x080129ee                f_write
 .text.f_sync   0x08012b84       0x90 ../../../../../project/mt2523_hdk/apps/fatfs_read_write_file/GCC/build/middleware/third_party/fatfs/src/ff.o
                0x08012b84                f_sync
 .text.f_close  0x08012c14       0x1a ../../../../../project/mt2523_hdk/apps/fatfs_read_write_file/GCC/build/middleware/third_party/fatfs/src/ff.o
                0x08012c14                f_close
 *fill*         0x08012c2e        0x2 
 .text.f_mkfs   0x08012c30      0x58c ../../../../../project/mt2523_hdk/apps/fatfs_read_write_file/GCC/build/middleware/third_party/fatfs/src/ff.o
                0x08012c30                f_mkfs
 .text.disk_status
                0x080131bc       0x14 ../../../../../project/mt2523_hdk/apps/fatfs_read_write_file/GCC/build/middleware/third_party/fatfs/src/portable/mt2523/src/diskio.o
                0x080131bc                disk_status
 .text.disk_initialize
                0x080131d0        0xa ../../../../../project/mt2523_hdk/apps/fatfs_read_write_file/GCC/build/middleware/third_party/fatfs/src/portable/mt2523/src/diskio.o
                0x080131d0                disk_initialize
 .text.disk_read
                0x080131da        0xa ../../../../../project/mt2523_hdk/apps/fatfs_read_write_file/GCC/build/middleware/third_party/fatfs/src/portable/mt2523/src/diskio.o
                0x080131da                disk_read
 .text.disk_write
                0x080131e4        0xa ../../../../../project/mt2523_hdk/apps/fatfs_read_write_file/GCC/build/middleware/third_party/fatfs/src/portable/mt2523/src/diskio.o
                0x080131e4                disk_write
 .text.disk_ioctl
                0x080131ee        0xa ../../../../../project/mt2523_hdk/apps/fatfs_read_write_file/GCC/build/middleware/third_party/fatfs/src/portable/mt2523/src/diskio.o
                0x080131ee                disk_ioctl
 .text.sd_disk_initialize
                0x080131f8       0x48 ../../../../../project/mt2523_hdk/apps/fatfs_read_write_file/GCC/build/middleware/third_party/fatfs/src/portable/mt2523/src/diskio_sd.o
                0x080131f8                sd_disk_initialize
 .text.sd_disk_read
                0x08013240       0x58 ../../../../../project/mt2523_hdk/apps/fatfs_read_write_file/GCC/build/middleware/third_party/fatfs/src/portable/mt2523/src/diskio_sd.o
                0x08013240                sd_disk_read
 .text.sd_disk_write
                0x08013298       0x58 ../../../../../project/mt2523_hdk/apps/fatfs_read_write_file/GCC/build/middleware/third_party/fatfs/src/portable/mt2523/src/diskio_sd.o
                0x08013298                sd_disk_write
 .text.sd_disk_ioctl
                0x080132f0       0x90 ../../../../../project/mt2523_hdk/apps/fatfs_read_write_file/GCC/build/middleware/third_party/fatfs/src/portable/mt2523/src/diskio_sd.o
                0x080132f0                sd_disk_ioctl
 .text.abort    0x08013380       0x1c ../../../../../project/mt2523_hdk/apps/fatfs_read_write_file/GCC/build/kernel/service/src/exception_handler.o
                0x08013380                abort
 .text.platform_assert
                0x0801339c       0x28 ../../../../../project/mt2523_hdk/apps/fatfs_read_write_file/GCC/build/kernel/service/src/exception_handler.o
                0x0801339c                platform_assert
 .text.exception_register_callbacks
                0x080133c4       0x44 ../../../../../project/mt2523_hdk/apps/fatfs_read_write_file/GCC/build/kernel/service/src/exception_handler.o
                0x080133c4                exception_register_callbacks
 .text.NMI_Handler
                0x08013408        0x2 ../../../../../project/mt2523_hdk/apps/fatfs_read_write_file/GCC/build/kernel/service/src/exception_handler.o
                0x08013408                NMI_Handler
 *fill*         0x0801340a        0x2 
 .text.printUsageErrorMsg
                0x0801340c       0x6c ../../../../../project/mt2523_hdk/apps/fatfs_read_write_file/GCC/build/kernel/service/src/exception_handler.o
                0x0801340c                printUsageErrorMsg
 .text.printMemoryManagementErrorMsg
                0x08013478       0x74 ../../../../../project/mt2523_hdk/apps/fatfs_read_write_file/GCC/build/kernel/service/src/exception_handler.o
                0x08013478                printMemoryManagementErrorMsg
 .text.printBusFaultErrorMsg
                0x080134ec       0x88 ../../../../../project/mt2523_hdk/apps/fatfs_read_write_file/GCC/build/kernel/service/src/exception_handler.o
                0x080134ec                printBusFaultErrorMsg
 .text.exception_reboot
                0x08013574        0x2 ../../../../../project/mt2523_hdk/apps/fatfs_read_write_file/GCC/build/kernel/service/src/exception_handler.o
                0x08013574                exception_reboot
 *fill*         0x08013576        0x2 
 .text.stackDump
                0x08013578      0x390 ../../../../../project/mt2523_hdk/apps/fatfs_read_write_file/GCC/build/kernel/service/src/exception_handler.o
                0x08013578                stackDump
 .text.memoryDumpAll
                0x08013908       0x6c ../../../../../project/mt2523_hdk/apps/fatfs_read_write_file/GCC/build/kernel/service/src/exception_handler.o
                0x08013908                memoryDumpAll
 .text.Hard_Fault_Handler
                0x08013974       0x78 ../../../../../project/mt2523_hdk/apps/fatfs_read_write_file/GCC/build/kernel/service/src/exception_handler.o
                0x08013974                Hard_Fault_Handler
 .text.MemManage_Fault_Handler
                0x080139ec       0x3c ../../../../../project/mt2523_hdk/apps/fatfs_read_write_file/GCC/build/kernel/service/src/exception_handler.o
                0x080139ec                MemManage_Fault_Handler
 .text.Bus_Fault_Handler
                0x08013a28       0x3c ../../../../../project/mt2523_hdk/apps/fatfs_read_write_file/GCC/build/kernel/service/src/exception_handler.o
                0x08013a28                Bus_Fault_Handler
 .text.Usage_Fault_Handler
                0x08013a64       0x3c ../../../../../project/mt2523_hdk/apps/fatfs_read_write_file/GCC/build/kernel/service/src/exception_handler.o
                0x08013a64                Usage_Fault_Handler
 .text.Debug_Monitor_Handler
                0x08013aa0       0x40 ../../../../../project/mt2523_hdk/apps/fatfs_read_write_file/GCC/build/kernel/service/src/exception_handler.o
                0x08013aa0                Debug_Monitor_Handler
 .text.vApplicationStackOverflowHook
                0x08013ae0       0x28 ../../../../../project/mt2523_hdk/apps/fatfs_read_write_file/GCC/build/kernel/service/src/os_port_callback.o
                0x08013ae0                vApplicationStackOverflowHook
 .text.get_current_time_in_ms
                0x08013b08       0x24 ../../../../../project/mt2523_hdk/apps/fatfs_read_write_file/GCC/build/kernel/service/src/syslog.o
 .text.log_uart_init
                0x08013b2c       0x3c ../../../../../project/mt2523_hdk/apps/fatfs_read_write_file/GCC/build/kernel/service/src/syslog.o
                0x08013b2c                log_uart_init
 .text.log_putchar
                0x08013b68       0x10 ../../../../../project/mt2523_hdk/apps/fatfs_read_write_file/GCC/build/kernel/service/src/syslog.o
                0x08013b68                log_putchar
 .text.buffer_pool_init
                0x08013b78       0x10 ../../../../../project/mt2523_hdk/apps/fatfs_read_write_file/GCC/build/kernel/service/src/syslog.o
                0x08013b78                buffer_pool_init
 .text.buffer_pool_alloc
                0x08013b88       0x58 ../../../../../project/mt2523_hdk/apps/fatfs_read_write_file/GCC/build/kernel/service/src/syslog.o
                0x08013b88                buffer_pool_alloc
 .text.buffer_pool_release
                0x08013be0       0x30 ../../../../../project/mt2523_hdk/apps/fatfs_read_write_file/GCC/build/kernel/service/src/syslog.o
                0x08013be0                buffer_pool_release
 .text.log_queue_create
                0x08013c10       0x28 ../../../../../project/mt2523_hdk/apps/fatfs_read_write_file/GCC/build/kernel/service/src/syslog.o
                0x08013c10                log_queue_create
 .text.log_queue_send
                0x08013c38       0x54 ../../../../../project/mt2523_hdk/apps/fatfs_read_write_file/GCC/build/kernel/service/src/syslog.o
                0x08013c38                log_queue_send
 .text.log_queue_receive
                0x08013c8c       0x20 ../../../../../project/mt2523_hdk/apps/fatfs_read_write_file/GCC/build/kernel/service/src/syslog.o
                0x08013c8c                log_queue_receive
 .text.print_normal_log
                0x08013cac       0x44 ../../../../../project/mt2523_hdk/apps/fatfs_read_write_file/GCC/build/kernel/service/src/syslog.o
                0x08013cac                print_normal_log
 .text.hex_dump_data
                0x08013cf0       0x4c ../../../../../project/mt2523_hdk/apps/fatfs_read_write_file/GCC/build/kernel/service/src/syslog.o
                0x08013cf0                hex_dump_data
 .text.print_hex_dump
                0x08013d3c       0x64 ../../../../../project/mt2523_hdk/apps/fatfs_read_write_file/GCC/build/kernel/service/src/syslog.o
                0x08013d3c                print_hex_dump
 .text.process_log_message
                0x08013da0       0x4c ../../../../../project/mt2523_hdk/apps/fatfs_read_write_file/GCC/build/kernel/service/src/syslog.o
                0x08013da0                process_log_message
 .text.syslog_task_entry
                0x08013dec       0x34 ../../../../../project/mt2523_hdk/apps/fatfs_read_write_file/GCC/build/kernel/service/src/syslog.o
                0x08013dec                syslog_task_entry
 .text.syslog_exception_cb
                0x08013e20       0x78 ../../../../../project/mt2523_hdk/apps/fatfs_read_write_file/GCC/build/kernel/service/src/syslog.o
 .text.log_init
                0x08013e98       0xc4 ../../../../../project/mt2523_hdk/apps/fatfs_read_write_file/GCC/build/kernel/service/src/syslog.o
                0x08013e98                log_init
 .text.vprint_module_log
                0x08013f5c       0xe8 ../../../../../project/mt2523_hdk/apps/fatfs_read_write_file/GCC/build/kernel/service/src/syslog.o
                0x08013f5c                vprint_module_log
 .text.print_module_log
                0x08014044       0x18 ../../../../../project/mt2523_hdk/apps/fatfs_read_write_file/GCC/build/kernel/service/src/syslog.o
                0x08014044                print_module_log
 .text.vdump_module_buffer
                0x0801405c      0x158 ../../../../../project/mt2523_hdk/apps/fatfs_read_write_file/GCC/build/kernel/service/src/syslog.o
                0x0801405c                vdump_module_buffer
 .text.dump_module_buffer
                0x080141b4       0x1e ../../../../../project/mt2523_hdk/apps/fatfs_read_write_file/GCC/build/kernel/service/src/syslog.o
                0x080141b4                dump_module_buffer
 *fill*         0x080141d2        0x2 
 .text.hal_cache_init
                0x080141d4       0x8c ../../../../../project/mt2523_hdk/apps/fatfs_read_write_file/GCC/build/driver/chip/mt2523/src/hal_cache.o
                0x080141d4                hal_cache_init
 .text.hal_cache_enable
                0x08014260       0x28 ../../../../../project/mt2523_hdk/apps/fatfs_read_write_file/GCC/build/driver/chip/mt2523/src/hal_cache.o
                0x08014260                hal_cache_enable
 .text.hal_cache_region_enable
                0x08014288       0x3c ../../../../../project/mt2523_hdk/apps/fatfs_read_write_file/GCC/build/driver/chip/mt2523/src/hal_cache.o
                0x08014288                hal_cache_region_enable
 .text.hal_cache_region_disable
                0x080142c4       0x3c ../../../../../project/mt2523_hdk/apps/fatfs_read_write_file/GCC/build/driver/chip/mt2523/src/hal_cache.o
                0x080142c4                hal_cache_region_disable
 .text.hal_cache_set_size
                0x08014300       0x34 ../../../../../project/mt2523_hdk/apps/fatfs_read_write_file/GCC/build/driver/chip/mt2523/src/hal_cache.o
                0x08014300                hal_cache_set_size
 .text.hal_cache_region_config
                0x08014334       0x74 ../../../../../project/mt2523_hdk/apps/fatfs_read_write_file/GCC/build/driver/chip/mt2523/src/hal_cache.o
                0x08014334                hal_cache_region_config
 .text.hal_mpu_init
                0x080143a8       0x94 ../../../../../project/mt2523_hdk/apps/fatfs_read_write_file/GCC/build/driver/chip/mt2523/src/hal_mpu.o
                0x080143a8                hal_mpu_init
 .text.hal_mpu_enable
                0x0801443c       0x1c ../../../../../project/mt2523_hdk/apps/fatfs_read_write_file/GCC/build/driver/chip/mt2523/src/hal_mpu.o
                0x0801443c                hal_mpu_enable
 .text.hal_mpu_region_enable
                0x08014458       0x40 ../../../../../project/mt2523_hdk/apps/fatfs_read_write_file/GCC/build/driver/chip/mt2523/src/hal_mpu.o
                0x08014458                hal_mpu_region_enable
 .text.hal_mpu_region_disable
                0x08014498       0x40 ../../../../../project/mt2523_hdk/apps/fatfs_read_write_file/GCC/build/driver/chip/mt2523/src/hal_mpu.o
                0x08014498                hal_mpu_region_disable
 .text.hal_mpu_region_configure
                0x080144d8       0xa0 ../../../../../project/mt2523_hdk/apps/fatfs_read_write_file/GCC/build/driver/chip/mt2523/src/hal_mpu.o
                0x080144d8                hal_mpu_region_configure
 .text.hal_gpt_is_port_valid
                0x08014578       0x1c ../../../../../project/mt2523_hdk/apps/fatfs_read_write_file/GCC/build/driver/chip/mt2523/src/hal_gpt.o
 .text.hal_gpt_init
                0x08014594       0x98 ../../../../../project/mt2523_hdk/apps/fatfs_read_write_file/GCC/build/driver/chip/mt2523/src/hal_gpt.o
                0x08014594                hal_gpt_init
 .text.hal_gpt_register_callback
                0x0801462c       0x40 ../../../../../project/mt2523_hdk/apps/fatfs_read_write_file/GCC/build/driver/chip/mt2523/src/hal_gpt.o
                0x0801462c                hal_gpt_register_callback
 .text.hal_gpt_start_timer_ms
                0x0801466c       0xc4 ../../../../../project/mt2523_hdk/apps/fatfs_read_write_file/GCC/build/driver/chip/mt2523/src/hal_gpt.o
                0x0801466c                hal_gpt_start_timer_ms
 .text.hal_gpt_stop_timer
                0x08014730       0x70 ../../../../../project/mt2523_hdk/apps/fatfs_read_write_file/GCC/build/driver/chip/mt2523/src/hal_gpt.o
                0x08014730                hal_gpt_stop_timer
 .text.hal_gpt_sw_get_timer
                0x080147a0       0x50 ../../../../../project/mt2523_hdk/apps/fatfs_read_write_file/GCC/build/driver/chip/mt2523/src/hal_gpt.o
                0x080147a0                hal_gpt_sw_get_timer
 .text.hal_gpt_sw_free_timer
                0x080147f0       0x50 ../../../../../project/mt2523_hdk/apps/fatfs_read_write_file/GCC/build/driver/chip/mt2523/src/hal_gpt.o
                0x080147f0                hal_gpt_sw_free_timer
 .text.hal_gpt_sw_start_timer_ms
                0x08014840       0xd0 ../../../../../project/mt2523_hdk/apps/fatfs_read_write_file/GCC/build/driver/chip/mt2523/src/hal_gpt.o
                0x08014840                hal_gpt_sw_start_timer_ms
 .text.hal_gpt_sw_stop_timer_ms
                0x08014910       0x90 ../../../../../project/mt2523_hdk/apps/fatfs_read_write_file/GCC/build/driver/chip/mt2523/src/hal_gpt.o
                0x08014910                hal_gpt_sw_stop_timer_ms
 .text.gpt_save_and_mask_interrupt
                0x080149a0       0x14 ../../../../../project/mt2523_hdk/apps/fatfs_read_write_file/GCC/build/driver/chip/mt2523/src/hal_gpt_internal.o
                0x080149a0                gpt_save_and_mask_interrupt
 .text.gpt_interrupt_handler
                0x080149b4       0x50 ../../../../../project/mt2523_hdk/apps/fatfs_read_write_file/GCC/build/driver/chip/mt2523/src/hal_gpt_internal.o
                0x080149b4                gpt_interrupt_handler
 .text.gpt_nvic_register
                0x08014a04       0x20 ../../../../../project/mt2523_hdk/apps/fatfs_read_write_file/GCC/build/driver/chip/mt2523/src/hal_gpt_internal.o
                0x08014a04                gpt_nvic_register
 .text.gpt_sw_get_current_time_ms
                0x08014a24       0x3c ../../../../../project/mt2523_hdk/apps/fatfs_read_write_file/GCC/build/driver/chip/mt2523/src/hal_gpt_internal.o
                0x08014a24                gpt_sw_get_current_time_ms
 .text.gpt_sw_get_free_timer
                0x08014a60       0x18 ../../../../../project/mt2523_hdk/apps/fatfs_read_write_file/GCC/build/driver/chip/mt2523/src/hal_gpt_internal.o
                0x08014a60                gpt_sw_get_free_timer
 .text.gpt_sw_absolute_value
                0x08014a78       0x24 ../../../../../project/mt2523_hdk/apps/fatfs_read_write_file/GCC/build/driver/chip/mt2523/src/hal_gpt_internal.o
                0x08014a78                gpt_sw_absolute_value
 .text.gpt_sw_get_minimum_left_time_ms
                0x08014a9c       0x34 ../../../../../project/mt2523_hdk/apps/fatfs_read_write_file/GCC/build/driver/chip/mt2523/src/hal_gpt_internal.o
                0x08014a9c                gpt_sw_get_minimum_left_time_ms
 .text.gpt_sw_start_timer
                0x08014ad0       0x38 ../../../../../project/mt2523_hdk/apps/fatfs_read_write_file/GCC/build/driver/chip/mt2523/src/hal_gpt_internal.o
                0x08014ad0                gpt_sw_start_timer
 .text.gpt_sw_handler
                0x08014b08       0x88 ../../../../../project/mt2523_hdk/apps/fatfs_read_write_file/GCC/build/driver/chip/mt2523/src/hal_gpt_internal.o
                0x08014b08                gpt_sw_handler
 .text.hal_keypad_powerkey_init
                0x08014b90       0x54 ../../../../../project/mt2523_hdk/apps/fatfs_read_write_file/GCC/build/driver/chip/mt2523/src/hal_keypad.o
                0x08014b90                hal_keypad_powerkey_init
 .text.powerkey_call_user_callback
                0x08014be4       0x3c ../../../../../project/mt2523_hdk/apps/fatfs_read_write_file/GCC/build/driver/chip/mt2523/src/hal_keypad_powerkey_internal.o
 .text.powerkey_push_one_key_to_buffer
                0x08014c20       0x34 ../../../../../project/mt2523_hdk/apps/fatfs_read_write_file/GCC/build/driver/chip/mt2523/src/hal_keypad_powerkey_internal.o
                0x08014c20                powerkey_push_one_key_to_buffer
 .text.powerkey_get_buffer_left_size
                0x08014c54       0x20 ../../../../../project/mt2523_hdk/apps/fatfs_read_write_file/GCC/build/driver/chip/mt2523/src/hal_keypad_powerkey_internal.o
                0x08014c54                powerkey_get_buffer_left_size
 .text.powerkey_process_repeat_and_longpress
                0x08014c74       0xa4 ../../../../../project/mt2523_hdk/apps/fatfs_read_write_file/GCC/build/driver/chip/mt2523/src/hal_keypad_powerkey_internal.o
                0x08014c74                powerkey_process_repeat_and_longpress
 .text.powerkey_process_key.isra.1
                0x08014d18      0x17c ../../../../../project/mt2523_hdk/apps/fatfs_read_write_file/GCC/build/driver/chip/mt2523/src/hal_keypad_powerkey_internal.o
 .text.powerkey_long_press_handler
                0x08014e94        0x8 ../../../../../project/mt2523_hdk/apps/fatfs_read_write_file/GCC/build/driver/chip/mt2523/src/hal_keypad_powerkey_internal.o
                0x08014e94                powerkey_long_press_handler
 .text.powerkey_press_handler
                0x08014e9c        0x8 ../../../../../project/mt2523_hdk/apps/fatfs_read_write_file/GCC/build/driver/chip/mt2523/src/hal_keypad_powerkey_internal.o
                0x08014e9c                powerkey_press_handler
 .text.powerkey_pmu_reisgter_callback
                0x08014ea4       0x74 ../../../../../project/mt2523_hdk/apps/fatfs_read_write_file/GCC/build/driver/chip/mt2523/src/hal_keypad_powerkey_internal.o
                0x08014ea4                powerkey_pmu_reisgter_callback
 .text.powerkey_pmu_init
                0x08014f18       0xb4 ../../../../../project/mt2523_hdk/apps/fatfs_read_write_file/GCC/build/driver/chip/mt2523/src/hal_keypad_powerkey_internal.o
                0x08014f18                powerkey_pmu_init
 .text.pwm_backup_register_call_back
                0x08014fcc       0x50 ../../../../../project/mt2523_hdk/apps/fatfs_read_write_file/GCC/build/driver/chip/mt2523/src/hal_pwm.o
                0x08014fcc                pwm_backup_register_call_back
 .text.pwm_restore_register_call_back
                0x0801501c       0x50 ../../../../../project/mt2523_hdk/apps/fatfs_read_write_file/GCC/build/driver/chip/mt2523/src/hal_pwm.o
                0x0801501c                pwm_restore_register_call_back
 .text.is_pin_with_pullsel
                0x0801506c       0x30 ../../../../../project/mt2523_hdk/apps/fatfs_read_write_file/GCC/build/driver/chip/mt2523/src/hal_gpio.o
                0x0801506c                is_pin_with_pullsel
 .text.hal_pinmux_set_function
                0x0801509c       0x4c ../../../../../project/mt2523_hdk/apps/fatfs_read_write_file/GCC/build/driver/chip/mt2523/src/hal_gpio.o
                0x0801509c                hal_pinmux_set_function
 .text.hal_gpio_set_pupd_register
                0x080150e8       0x88 ../../../../../project/mt2523_hdk/apps/fatfs_read_write_file/GCC/build/driver/chip/mt2523/src/hal_gpio.o
                0x080150e8                hal_gpio_set_pupd_register
 .text.hal_uart_init
                0x08015170      0x140 ../../../../../project/mt2523_hdk/apps/fatfs_read_write_file/GCC/build/driver/chip/mt2523/src/hal_uart.o
                0x08015170                hal_uart_init
 .text.hal_uart_put_char
                0x080152b0       0x20 ../../../../../project/mt2523_hdk/apps/fatfs_read_write_file/GCC/build/driver/chip/mt2523/src/hal_uart.o
                0x080152b0                hal_uart_put_char
 .text.uart_set_baudrate
                0x080152d0       0xe0 ../../../../../project/mt2523_hdk/apps/fatfs_read_write_file/GCC/build/driver/chip/mt2523/src/hal_uart_internal.o
                0x080152d0                uart_set_baudrate
 .text.uart_set_format
                0x080153b0       0x4c ../../../../../project/mt2523_hdk/apps/fatfs_read_write_file/GCC/build/driver/chip/mt2523/src/hal_uart_internal.o
                0x080153b0                uart_set_format
 .text.uart_put_char_block
                0x080153fc        0xa ../../../../../project/mt2523_hdk/apps/fatfs_read_write_file/GCC/build/driver/chip/mt2523/src/hal_uart_internal.o
                0x080153fc                uart_put_char_block
 .text.uart_set_fifo
                0x08015406       0x1e ../../../../../project/mt2523_hdk/apps/fatfs_read_write_file/GCC/build/driver/chip/mt2523/src/hal_uart_internal.o
                0x08015406                uart_set_fifo
 .text.uart_set_sleep_mode
                0x08015424        0x6 ../../../../../project/mt2523_hdk/apps/fatfs_read_write_file/GCC/build/driver/chip/mt2523/src/hal_uart_internal.o
                0x08015424                uart_set_sleep_mode
 .text.uart_reset_default_value
                0x0801542a       0x44 ../../../../../project/mt2523_hdk/apps/fatfs_read_write_file/GCC/build/driver/chip/mt2523/src/hal_uart_internal.o
                0x0801542a                uart_reset_default_value
 *fill*         0x0801546e        0x2 
 .text.spim_backup_register_callback
                0x08015470       0x44 ../../../../../project/mt2523_hdk/apps/fatfs_read_write_file/GCC/build/driver/chip/mt2523/src/hal_spi_master.o
                0x08015470                spim_backup_register_callback
 .text.spim_restore_register_callback
                0x080154b4       0x44 ../../../../../project/mt2523_hdk/apps/fatfs_read_write_file/GCC/build/driver/chip/mt2523/src/hal_spi_master.o
                0x080154b4                spim_restore_register_callback
 .text.spi_slave_backup_all_register
                0x080154f8       0x3c ../../../../../project/mt2523_hdk/apps/fatfs_read_write_file/GCC/build/driver/chip/mt2523/src/hal_spi_slave_internal.o
                0x080154f8                spi_slave_backup_all_register
 .text.spi_slave_restore_all_register
                0x08015534       0x3c ../../../../../project/mt2523_hdk/apps/fatfs_read_write_file/GCC/build/driver/chip/mt2523/src/hal_spi_slave_internal.o
                0x08015534                spi_slave_restore_all_register
 .text.hal_i2c_backup_all_register
                0x08015570       0x38 ../../../../../project/mt2523_hdk/apps/fatfs_read_write_file/GCC/build/driver/chip/mt2523/src/hal_i2c_master.o
                0x08015570                hal_i2c_backup_all_register
 .text.hal_i2c_restore_all_register
                0x080155a8       0x40 ../../../../../project/mt2523_hdk/apps/fatfs_read_write_file/GCC/build/driver/chip/mt2523/src/hal_i2c_master.o
                0x080155a8                hal_i2c_restore_all_register
 .text.i2c_set_frequency
                0x080155e8       0x8c ../../../../../project/mt2523_hdk/apps/fatfs_read_write_file/GCC/build/driver/chip/mt2523/src/hal_i2c_master_internal.o
                0x080155e8                i2c_set_frequency
 .text.i2c_config_hardware
                0x08015674       0xf4 ../../../../../project/mt2523_hdk/apps/fatfs_read_write_file/GCC/build/driver/chip/mt2523/src/hal_i2c_master_internal.o
                0x08015674                i2c_config_hardware
 .text.i2c_write_fifo
                0x08015768       0x1c ../../../../../project/mt2523_hdk/apps/fatfs_read_write_file/GCC/build/driver/chip/mt2523/src/hal_i2c_master_internal.o
                0x08015768                i2c_write_fifo
 .text.i2c_read_fifo
                0x08015784       0x1c ../../../../../project/mt2523_hdk/apps/fatfs_read_write_file/GCC/build/driver/chip/mt2523/src/hal_i2c_master_internal.o
                0x08015784                i2c_read_fifo
 .text.i2c_get_transaction_status
                0x080157a0       0x38 ../../../../../project/mt2523_hdk/apps/fatfs_read_write_file/GCC/build/driver/chip/mt2523/src/hal_i2c_master_internal.o
                0x080157a0                i2c_get_transaction_status
 .text.pmic_i2c_init
                0x080157d8       0x2c ../../../../../project/mt2523_hdk/apps/fatfs_read_write_file/GCC/build/driver/chip/mt2523/src/hal_i2c_pmic.o
                0x080157d8                pmic_i2c_init
 .text.pmic_i2c_send_polling
                0x08015804       0x98 ../../../../../project/mt2523_hdk/apps/fatfs_read_write_file/GCC/build/driver/chip/mt2523/src/hal_i2c_pmic.o
                0x08015804                pmic_i2c_send_polling
 .text.pmic_i2c_send_to_receive_polling
                0x0801589c       0xb0 ../../../../../project/mt2523_hdk/apps/fatfs_read_write_file/GCC/build/driver/chip/mt2523/src/hal_i2c_pmic.o
                0x0801589c                pmic_i2c_send_to_receive_polling
 .text.eint_ack_interrupt
                0x0801594c       0x14 ../../../../../project/mt2523_hdk/apps/fatfs_read_write_file/GCC/build/driver/chip/mt2523/src/hal_eint.o
                0x0801594c                eint_ack_interrupt
 .text.hal_eint_register_callback
                0x08015960       0x30 ../../../../../project/mt2523_hdk/apps/fatfs_read_write_file/GCC/build/driver/chip/mt2523/src/hal_eint.o
                0x08015960                hal_eint_register_callback
 .text.hal_eint_set_trigger_mode
                0x08015990       0xb4 ../../../../../project/mt2523_hdk/apps/fatfs_read_write_file/GCC/build/driver/chip/mt2523/src/hal_eint.o
                0x08015990                hal_eint_set_trigger_mode
 .text.hal_eint_set_debounce_time
                0x08015a44       0xfc ../../../../../project/mt2523_hdk/apps/fatfs_read_write_file/GCC/build/driver/chip/mt2523/src/hal_eint.o
                0x08015a44                hal_eint_set_debounce_time
 .text.hal_eint_init
                0x08015b40       0x88 ../../../../../project/mt2523_hdk/apps/fatfs_read_write_file/GCC/build/driver/chip/mt2523/src/hal_eint.o
                0x08015b40                hal_eint_init
 .text.eint_mask_wakeup_source
                0x08015bc8       0x30 ../../../../../project/mt2523_hdk/apps/fatfs_read_write_file/GCC/build/driver/chip/mt2523/src/hal_eint.o
                0x08015bc8                eint_mask_wakeup_source
 .text.eint_unmask_wakeup_source
                0x08015bf8       0x30 ../../../../../project/mt2523_hdk/apps/fatfs_read_write_file/GCC/build/driver/chip/mt2523/src/hal_eint.o
                0x08015bf8                eint_unmask_wakeup_source
 .text.hal_eint_mask
                0x08015c28       0x38 ../../../../../project/mt2523_hdk/apps/fatfs_read_write_file/GCC/build/driver/chip/mt2523/src/hal_eint.o
                0x08015c28                hal_eint_mask
 .text.hal_eint_isr
                0x08015c60       0x58 ../../../../../project/mt2523_hdk/apps/fatfs_read_write_file/GCC/build/driver/chip/mt2523/src/hal_eint.o
 .text.hal_eint_unmask
                0x08015cb8       0x38 ../../../../../project/mt2523_hdk/apps/fatfs_read_write_file/GCC/build/driver/chip/mt2523/src/hal_eint.o
                0x08015cb8                hal_eint_unmask
 .text.hal_nvic_init
                0x08015cf0       0x34 ../../../../../project/mt2523_hdk/apps/fatfs_read_write_file/GCC/build/driver/chip/mt2523/src/hal_nvic.o
                0x08015cf0                hal_nvic_init
 .text.hal_nvic_enable_irq
                0x08015d24       0x28 ../../../../../project/mt2523_hdk/apps/fatfs_read_write_file/GCC/build/driver/chip/mt2523/src/hal_nvic.o
                0x08015d24                hal_nvic_enable_irq
 .text.hal_nvic_disable_irq
                0x08015d4c       0x28 ../../../../../project/mt2523_hdk/apps/fatfs_read_write_file/GCC/build/driver/chip/mt2523/src/hal_nvic.o
                0x08015d4c                hal_nvic_disable_irq
 .text.hal_nvic_set_priority
                0x08015d74       0x20 ../../../../../project/mt2523_hdk/apps/fatfs_read_write_file/GCC/build/driver/chip/mt2523/src/hal_nvic.o
                0x08015d74                hal_nvic_set_priority
 .text.hal_nvic_register_isr_handler
                0x08015d94       0x4c ../../../../../project/mt2523_hdk/apps/fatfs_read_write_file/GCC/build/driver/chip/mt2523/src/hal_nvic.o
                0x08015d94                hal_nvic_register_isr_handler
 .text.hal_sd_set_bus_width
                0x08015de0      0x104 ../../../../../project/mt2523_hdk/apps/fatfs_read_write_file/GCC/build/driver/chip/mt2523/src/hal_sd.o
                0x08015de0                hal_sd_set_bus_width
 .text.hal_sd_init
                0x08015ee4      0x29c ../../../../../project/mt2523_hdk/apps/fatfs_read_write_file/GCC/build/driver/chip/mt2523/src/hal_sd.o
                0x08015ee4                hal_sd_init
 .text.hal_sd_get_capacity
                0x08016180       0x54 ../../../../../project/mt2523_hdk/apps/fatfs_read_write_file/GCC/build/driver/chip/mt2523/src/hal_sd.o
                0x08016180                hal_sd_get_capacity
 .text.hal_sd_erase_sectors
                0x080161d4       0xe4 ../../../../../project/mt2523_hdk/apps/fatfs_read_write_file/GCC/build/driver/chip/mt2523/src/hal_sd.o
                0x080161d4                hal_sd_erase_sectors
 .text.hal_sd_read_blocks
                0x080162b8      0x1d0 ../../../../../project/mt2523_hdk/apps/fatfs_read_write_file/GCC/build/driver/chip/mt2523/src/hal_sd.o
                0x080162b8                hal_sd_read_blocks
 .text.hal_sd_write_blocks
                0x08016488      0x218 ../../../../../project/mt2523_hdk/apps/fatfs_read_write_file/GCC/build/driver/chip/mt2523/src/hal_sd.o
                0x08016488                hal_sd_write_blocks
 .text.hal_sd_get_card_type
                0x080166a0       0x44 ../../../../../project/mt2523_hdk/apps/fatfs_read_write_file/GCC/build/driver/chip/mt2523/src/hal_sd.o
                0x080166a0                hal_sd_get_card_type
 .text.hal_sd_get_erase_sector_size
                0x080166e4       0x5c ../../../../../project/mt2523_hdk/apps/fatfs_read_write_file/GCC/build/driver/chip/mt2523/src/hal_sd.o
                0x080166e4                hal_sd_get_erase_sector_size
 .text.hal_sd_get_csd
                0x08016740       0x54 ../../../../../project/mt2523_hdk/apps/fatfs_read_write_file/GCC/build/driver/chip/mt2523/src/hal_sd.o
                0x08016740                hal_sd_get_csd
 .text.sd_wait_data_ready
                0x08016794       0x90 ../../../../../project/mt2523_hdk/apps/fatfs_read_write_file/GCC/build/driver/chip/mt2523/src/hal_sd_internal.o
                0x08016794                sd_wait_data_ready
 .text.sd_wait_command_ready
                0x08016824       0x9c ../../../../../project/mt2523_hdk/apps/fatfs_read_write_file/GCC/build/driver/chip/mt2523/src/hal_sd_internal.o
                0x08016824                sd_wait_command_ready
 .text.sd_send_command
                0x080168c0       0x58 ../../../../../project/mt2523_hdk/apps/fatfs_read_write_file/GCC/build/driver/chip/mt2523/src/hal_sd_internal.o
                0x080168c0                sd_send_command
 .text.sd_send_command55
                0x08016918       0x44 ../../../../../project/mt2523_hdk/apps/fatfs_read_write_file/GCC/build/driver/chip/mt2523/src/hal_sd_internal.o
                0x08016918                sd_send_command55
 .text.sd_reset
                0x0801695c       0x18 ../../../../../project/mt2523_hdk/apps/fatfs_read_write_file/GCC/build/driver/chip/mt2523/src/hal_sd_internal.o
                0x0801695c                sd_reset
 .text.sd_check_sd_card_type
                0x08016974      0x140 ../../../../../project/mt2523_hdk/apps/fatfs_read_write_file/GCC/build/driver/chip/mt2523/src/hal_sd_internal.o
                0x08016974                sd_check_sd_card_type
 .text.sd_check_mmc_card_type
                0x08016ab4       0xe8 ../../../../../project/mt2523_hdk/apps/fatfs_read_write_file/GCC/build/driver/chip/mt2523/src/hal_sd_internal.o
                0x08016ab4                sd_check_mmc_card_type
 .text.sd_check_card_type
                0x08016b9c       0x18 ../../../../../project/mt2523_hdk/apps/fatfs_read_write_file/GCC/build/driver/chip/mt2523/src/hal_sd_internal.o
                0x08016b9c                sd_check_card_type
 .text.sd_get_card_id
                0x08016bb4       0x40 ../../../../../project/mt2523_hdk/apps/fatfs_read_write_file/GCC/build/driver/chip/mt2523/src/hal_sd_internal.o
                0x08016bb4                sd_get_card_id
 .text.sd_get_rca
                0x08016bf4       0x70 ../../../../../project/mt2523_hdk/apps/fatfs_read_write_file/GCC/build/driver/chip/mt2523/src/hal_sd_internal.o
                0x08016bf4                sd_get_rca
 .text.sd_get_bit_field_value
                0x08016c64       0x54 ../../../../../project/mt2523_hdk/apps/fatfs_read_write_file/GCC/build/driver/chip/mt2523/src/hal_sd_internal.o
                0x08016c64                sd_get_bit_field_value
 .text.sd_analysis_csd
                0x08016cb8      0x214 ../../../../../project/mt2523_hdk/apps/fatfs_read_write_file/GCC/build/driver/chip/mt2523/src/hal_sd_internal.o
                0x08016cb8                sd_analysis_csd
 .text.sd_get_csd
                0x08016ecc       0x4c ../../../../../project/mt2523_hdk/apps/fatfs_read_write_file/GCC/build/driver/chip/mt2523/src/hal_sd_internal.o
                0x08016ecc                sd_get_csd
 .text.sd_set_dsr
                0x08016f18        0xc ../../../../../project/mt2523_hdk/apps/fatfs_read_write_file/GCC/build/driver/chip/mt2523/src/hal_sd_internal.o
                0x08016f18                sd_set_dsr
 .text.sd_wait_card_not_busy
                0x08016f24       0x34 ../../../../../project/mt2523_hdk/apps/fatfs_read_write_file/GCC/build/driver/chip/mt2523/src/hal_sd_internal.o
                0x08016f24                sd_wait_card_not_busy
 .text.sd_check_card_status
                0x08016f58       0x30 ../../../../../project/mt2523_hdk/apps/fatfs_read_write_file/GCC/build/driver/chip/mt2523/src/hal_sd_internal.o
                0x08016f58                sd_check_card_status
 .text.sd_acommand42
                0x08016f88       0x2c ../../../../../project/mt2523_hdk/apps/fatfs_read_write_file/GCC/build/driver/chip/mt2523/src/hal_sd_internal.o
                0x08016f88                sd_acommand42
 .text.sd_select_card
                0x08016fb4       0x26 ../../../../../project/mt2523_hdk/apps/fatfs_read_write_file/GCC/build/driver/chip/mt2523/src/hal_sd_internal.o
                0x08016fb4                sd_select_card
 *fill*         0x08016fda        0x2 
 .text.sd_set_block_length
                0x08016fdc       0x50 ../../../../../project/mt2523_hdk/apps/fatfs_read_write_file/GCC/build/driver/chip/mt2523/src/hal_sd_internal.o
                0x08016fdc                sd_set_block_length
 .text.sd_analysis_scr
                0x0801702c       0x48 ../../../../../project/mt2523_hdk/apps/fatfs_read_write_file/GCC/build/driver/chip/mt2523/src/hal_sd_internal.o
                0x0801702c                sd_analysis_scr
 .text.sd_get_scr
                0x08017074       0x78 ../../../../../project/mt2523_hdk/apps/fatfs_read_write_file/GCC/build/driver/chip/mt2523/src/hal_sd_internal.o
                0x08017074                sd_get_scr
 .text.sd_analysis_command6_switch_status
                0x080170ec       0x2c ../../../../../project/mt2523_hdk/apps/fatfs_read_write_file/GCC/build/driver/chip/mt2523/src/hal_sd_internal.o
                0x080170ec                sd_analysis_command6_switch_status
 .text.sd_query_switch_high_speed
                0x08017118       0xac ../../../../../project/mt2523_hdk/apps/fatfs_read_write_file/GCC/build/driver/chip/mt2523/src/hal_sd_internal.o
                0x08017118                sd_query_switch_high_speed
 .text.sd_select_high_speed
                0x080171c4       0x44 ../../../../../project/mt2523_hdk/apps/fatfs_read_write_file/GCC/build/driver/chip/mt2523/src/hal_sd_internal.o
                0x080171c4                sd_select_high_speed
 .text.mmc_get_extended_csd
                0x08017208       0x6c ../../../../../project/mt2523_hdk/apps/fatfs_read_write_file/GCC/build/driver/chip/mt2523/src/hal_sd_internal.o
                0x08017208                mmc_get_extended_csd
 .text.mmc_switch
                0x08017274       0x7c ../../../../../project/mt2523_hdk/apps/fatfs_read_write_file/GCC/build/driver/chip/mt2523/src/hal_sd_internal.o
                0x08017274                mmc_switch
 .text.mmc_is_version_44
                0x080172f0       0x28 ../../../../../project/mt2523_hdk/apps/fatfs_read_write_file/GCC/build/driver/chip/mt2523/src/hal_sd_internal.o
                0x080172f0                mmc_is_version_44
 .text.mmc_set_high_speed
                0x08017318       0x64 ../../../../../project/mt2523_hdk/apps/fatfs_read_write_file/GCC/build/driver/chip/mt2523/src/hal_sd_internal.o
                0x08017318                mmc_set_high_speed
 .text.sd_stop_transfer
                0x0801737c       0x26 ../../../../../project/mt2523_hdk/apps/fatfs_read_write_file/GCC/build/driver/chip/mt2523/src/hal_sd_internal.o
                0x0801737c                sd_stop_transfer
 *fill*         0x080173a2        0x2 
 .text.sd_get_card_status
                0x080173a4       0x30 ../../../../../project/mt2523_hdk/apps/fatfs_read_write_file/GCC/build/driver/chip/mt2523/src/hal_sd_internal.o
                0x080173a4                sd_get_card_status
 .text.sd_send_erase_command
                0x080173d4       0x52 ../../../../../project/mt2523_hdk/apps/fatfs_read_write_file/GCC/build/driver/chip/mt2523/src/hal_sd_internal.o
                0x080173d4                sd_send_erase_command
 *fill*         0x08017426        0x2 
 .text.sd_wait_last_block_complete
                0x08017428       0x34 ../../../../../project/mt2523_hdk/apps/fatfs_read_write_file/GCC/build/driver/chip/mt2523/src/hal_sd_internal.o
                0x08017428                sd_wait_last_block_complete
 .text.sd_latch_read_blocks
                0x0801745c      0x17c ../../../../../project/mt2523_hdk/apps/fatfs_read_write_file/GCC/build/driver/chip/mt2523/src/hal_sd_internal.o
                0x0801745c                sd_latch_read_blocks
 .text.sd_latch_command_test
                0x080175d8       0x16 ../../../../../project/mt2523_hdk/apps/fatfs_read_write_file/GCC/build/driver/chip/mt2523/src/hal_sd_internal.o
                0x080175d8                sd_latch_command_test
 *fill*         0x080175ee        0x2 
 .text.sd_latch_data_test
                0x080175f0       0x4c ../../../../../project/mt2523_hdk/apps/fatfs_read_write_file/GCC/build/driver/chip/mt2523/src/hal_sd_internal.o
                0x080175f0                sd_latch_data_test
 .text.sd_output_clock_tuning
                0x0801763c      0x140 ../../../../../project/mt2523_hdk/apps/fatfs_read_write_file/GCC/build/driver/chip/mt2523/src/hal_sd_internal.o
                0x0801763c                sd_output_clock_tuning
 .text.sd_backup_all_register
                0x0801777c       0x3c ../../../../../project/mt2523_hdk/apps/fatfs_read_write_file/GCC/build/driver/chip/mt2523/src/hal_sd_internal.o
                0x0801777c                sd_backup_all_register
 .text.sd_restore_all_register
                0x080177b8       0x44 ../../../../../project/mt2523_hdk/apps/fatfs_read_write_file/GCC/build/driver/chip/mt2523/src/hal_sd_internal.o
                0x080177b8                sd_restore_all_register
 .text.sd_backup_all
                0x080177fc       0x4c ../../../../../project/mt2523_hdk/apps/fatfs_read_write_file/GCC/build/driver/chip/mt2523/src/hal_sd_internal.o
                0x080177fc                sd_backup_all
 .text.sd_restore_all
                0x08017848       0x30 ../../../../../project/mt2523_hdk/apps/fatfs_read_write_file/GCC/build/driver/chip/mt2523/src/hal_sd_internal.o
                0x08017848                sd_restore_all
 .text.sdio_wait_command_ready
                0x08017878       0x8c ../../../../../project/mt2523_hdk/apps/fatfs_read_write_file/GCC/build/driver/chip/mt2523/src/hal_sdio_internal.o
                0x08017878                sdio_wait_command_ready
 .text.sdio_send_command
                0x08017904       0xbc ../../../../../project/mt2523_hdk/apps/fatfs_read_write_file/GCC/build/driver/chip/mt2523/src/hal_sdio_internal.o
                0x08017904                sdio_send_command
 .text.sdio_wait_card_not_busy
                0x080179c0       0x5c ../../../../../project/mt2523_hdk/apps/fatfs_read_write_file/GCC/build/driver/chip/mt2523/src/hal_sdio_internal.o
                0x080179c0                sdio_wait_card_not_busy
 .text.sdio_command52
                0x08017a1c       0xb0 ../../../../../project/mt2523_hdk/apps/fatfs_read_write_file/GCC/build/driver/chip/mt2523/src/hal_sdio_internal.o
                0x08017a1c                sdio_command52
 .text.sdio_get_cccr
                0x08017acc       0x3c ../../../../../project/mt2523_hdk/apps/fatfs_read_write_file/GCC/build/driver/chip/mt2523/src/hal_sdio_internal.o
                0x08017acc                sdio_get_cccr
 .text.sdio_isr
                0x08017b08        0x2 ../../../../../project/mt2523_hdk/apps/fatfs_read_write_file/GCC/build/driver/chip/mt2523/src/hal_sdio_internal.o
                0x08017b08                sdio_isr
 *fill*         0x08017b0a        0x2 
 .text.sdio_backup_all_register
                0x08017b0c       0x40 ../../../../../project/mt2523_hdk/apps/fatfs_read_write_file/GCC/build/driver/chip/mt2523/src/hal_sdio_internal.o
                0x08017b0c                sdio_backup_all_register
 .text.sdio_restore_all_register
                0x08017b4c       0x48 ../../../../../project/mt2523_hdk/apps/fatfs_read_write_file/GCC/build/driver/chip/mt2523/src/hal_sdio_internal.o
                0x08017b4c                sdio_restore_all_register
 .text.sdio_backup_all
                0x08017b94       0x60 ../../../../../project/mt2523_hdk/apps/fatfs_read_write_file/GCC/build/driver/chip/mt2523/src/hal_sdio_internal.o
                0x08017b94                sdio_backup_all
 .text.sdio_restore_all
                0x08017bf4       0x28 ../../../../../project/mt2523_hdk/apps/fatfs_read_write_file/GCC/build/driver/chip/mt2523/src/hal_sdio_internal.o
                0x08017bf4                sdio_restore_all
 .text.msdc_valid
                0x08017c1c        0x4 ../../../../../project/mt2523_hdk/apps/fatfs_read_write_file/GCC/build/driver/chip/mt2523/src/hal_msdc.o
                0x08017c1c                msdc_valid
 .text.msdc_isr
                0x08017c20       0x54 ../../../../../project/mt2523_hdk/apps/fatfs_read_write_file/GCC/build/driver/chip/mt2523/src/hal_msdc.o
                0x08017c20                msdc_isr
 .text.msdc1_isr
                0x08017c74       0x58 ../../../../../project/mt2523_hdk/apps/fatfs_read_write_file/GCC/build/driver/chip/mt2523/src/hal_msdc.o
                0x08017c74                msdc1_isr
 .text.msdc_wait
                0x08017ccc        0x4 ../../../../../project/mt2523_hdk/apps/fatfs_read_write_file/GCC/build/driver/chip/mt2523/src/hal_msdc.o
                0x08017ccc                msdc_wait
 .text.msdc_reset
                0x08017cd0       0x6c ../../../../../project/mt2523_hdk/apps/fatfs_read_write_file/GCC/build/driver/chip/mt2523/src/hal_msdc.o
                0x08017cd0                msdc_reset
 .text.msdc_record_command_status
                0x08017d3c       0x10 ../../../../../project/mt2523_hdk/apps/fatfs_read_write_file/GCC/build/driver/chip/mt2523/src/hal_msdc.o
                0x08017d3c                msdc_record_command_status
 .text.msdc_record_data_status
                0x08017d4c       0x10 ../../../../../project/mt2523_hdk/apps/fatfs_read_write_file/GCC/build/driver/chip/mt2523/src/hal_msdc.o
                0x08017d4c                msdc_record_data_status
 .text.msdc_set_output_clock
                0x08017d5c       0xe4 ../../../../../project/mt2523_hdk/apps/fatfs_read_write_file/GCC/build/driver/chip/mt2523/src/hal_msdc.o
                0x08017d5c                msdc_set_output_clock
 .text.msdc_clock_init
                0x08017e40       0x58 ../../../../../project/mt2523_hdk/apps/fatfs_read_write_file/GCC/build/driver/chip/mt2523/src/hal_msdc.o
                0x08017e40                msdc_clock_init
 .text.msdc_prepare
                0x08017e98      0x134 ../../../../../project/mt2523_hdk/apps/fatfs_read_write_file/GCC/build/driver/chip/mt2523/src/hal_msdc.o
                0x08017e98                msdc_prepare
 .text.msdc_get_output_clock
                0x08017fcc       0x10 ../../../../../project/mt2523_hdk/apps/fatfs_read_write_file/GCC/build/driver/chip/mt2523/src/hal_msdc.o
                0x08017fcc                msdc_get_output_clock
 .text.msdc_power_set
                0x08017fdc       0x44 ../../../../../project/mt2523_hdk/apps/fatfs_read_write_file/GCC/build/driver/chip/mt2523/src/hal_msdc.o
                0x08017fdc                msdc_power_set
 .text.msdc_set_io_parameter
                0x08018020       0x4c ../../../../../project/mt2523_hdk/apps/fatfs_read_write_file/GCC/build/driver/chip/mt2523/src/hal_msdc.o
                0x08018020                msdc_set_io_parameter
 .text.msdc_nvic_set
                0x0801806c       0x14 ../../../../../project/mt2523_hdk/apps/fatfs_read_write_file/GCC/build/driver/chip/mt2523/src/hal_msdc.o
                0x0801806c                msdc_nvic_set
 .text.msdc_interrupt_init
                0x08018080       0x64 ../../../../../project/mt2523_hdk/apps/fatfs_read_write_file/GCC/build/driver/chip/mt2523/src/hal_msdc.o
                0x08018080                msdc_interrupt_init
 .text.msdc_card_is_present
                0x080180e4       0x10 ../../../../../project/mt2523_hdk/apps/fatfs_read_write_file/GCC/build/driver/chip/mt2523/src/hal_msdc.o
                0x080180e4                msdc_card_is_present
 .text.msdc_dma_disable
                0x080180f4       0x20 ../../../../../project/mt2523_hdk/apps/fatfs_read_write_file/GCC/build/driver/chip/mt2523/src/hal_msdc.o
                0x080180f4                msdc_dma_disable
 .text.msdc_get_owner
                0x08018114       0x10 ../../../../../project/mt2523_hdk/apps/fatfs_read_write_file/GCC/build/driver/chip/mt2523/src/hal_msdc.o
                0x08018114                msdc_get_owner
 .text.msdc_set_owner
                0x08018124       0x10 ../../../../../project/mt2523_hdk/apps/fatfs_read_write_file/GCC/build/driver/chip/mt2523/src/hal_msdc.o
                0x08018124                msdc_set_owner
 .text.msdc_card_power_set
                0x08018134        0x6 ../../../../../project/mt2523_hdk/apps/fatfs_read_write_file/GCC/build/driver/chip/mt2523/src/hal_msdc.o
                0x08018134                msdc_card_power_set
 *fill*         0x0801813a        0x2 
 .text.msdc_pad_mux_select
                0x0801813c       0x24 ../../../../../project/mt2523_hdk/apps/fatfs_read_write_file/GCC/build/driver/chip/mt2523/src/hal_msdc.o
                0x0801813c                msdc_pad_mux_select
 .text.msdc_get_vcore_voltage
                0x08018160        0x4 ../../../../../project/mt2523_hdk/apps/fatfs_read_write_file/GCC/build/driver/chip/mt2523/src/hal_msdc.o
                0x08018160                msdc_get_vcore_voltage
 .text.msdc_switch_pinmux_to_gpio_mode
                0x08018164      0x200 ../../../../../project/mt2523_hdk/apps/fatfs_read_write_file/GCC/build/driver/chip/mt2523/src/hal_msdc.o
                0x08018164                msdc_switch_pinmux_to_gpio_mode
 .text.msdc_deinit
                0x08018364       0x38 ../../../../../project/mt2523_hdk/apps/fatfs_read_write_file/GCC/build/driver/chip/mt2523/src/hal_msdc.o
                0x08018364                msdc_deinit
 .text.msdc_switch_pinmux_to_msdc_mode
                0x0801839c      0x248 ../../../../../project/mt2523_hdk/apps/fatfs_read_write_file/GCC/build/driver/chip/mt2523/src/hal_msdc.o
                0x0801839c                msdc_switch_pinmux_to_msdc_mode
 .text.msdc_init
                0x080185e4       0xac ../../../../../project/mt2523_hdk/apps/fatfs_read_write_file/GCC/build/driver/chip/mt2523/src/hal_msdc.o
                0x080185e4                msdc_init
 .text.f32k_measure_clock
                0x08018690       0x70 ../../../../../project/mt2523_hdk/apps/fatfs_read_write_file/GCC/build/driver/chip/mt2523/src/hal_rtc.o
                0x08018690                f32k_measure_clock
 .text.rtc_wait_busy
                0x08018700       0x98 ../../../../../project/mt2523_hdk/apps/fatfs_read_write_file/GCC/build/driver/chip/mt2523/src/hal_rtc.o
 .text.rtc_write_trigger_wait
                0x08018798       0x1c ../../../../../project/mt2523_hdk/apps/fatfs_read_write_file/GCC/build/driver/chip/mt2523/src/hal_rtc.o
 .text.rtc_reload
                0x080187b4       0x20 ../../../../../project/mt2523_hdk/apps/fatfs_read_write_file/GCC/build/driver/chip/mt2523/src/hal_rtc.o
 .text.rtc_read_osc32con
                0x080187d4       0x28 ../../../../../project/mt2523_hdk/apps/fatfs_read_write_file/GCC/build/driver/chip/mt2523/src/hal_rtc.o
                0x080187d4                rtc_read_osc32con
 .text.rtc_read_osc32con1
                0x080187fc       0x2c ../../../../../project/mt2523_hdk/apps/fatfs_read_write_file/GCC/build/driver/chip/mt2523/src/hal_rtc.o
 .text.rtc_read_osc32con2
                0x08018828       0x2c ../../../../../project/mt2523_hdk/apps/fatfs_read_write_file/GCC/build/driver/chip/mt2523/src/hal_rtc.o
 .text.rtc_dump_register
                0x08018854       0xa8 ../../../../../project/mt2523_hdk/apps/fatfs_read_write_file/GCC/build/driver/chip/mt2523/src/hal_rtc.o
 .text.rtc_eint_callback
                0x080188fc       0x6c ../../../../../project/mt2523_hdk/apps/fatfs_read_write_file/GCC/build/driver/chip/mt2523/src/hal_rtc.o
 .text.rtc_write_osc32con2
                0x08018968       0x34 ../../../../../project/mt2523_hdk/apps/fatfs_read_write_file/GCC/build/driver/chip/mt2523/src/hal_rtc.o
 .text.rtc_write_osc32con1
                0x0801899c       0x34 ../../../../../project/mt2523_hdk/apps/fatfs_read_write_file/GCC/build/driver/chip/mt2523/src/hal_rtc.o
 .text.rtc_write_osc32con
                0x080189d0       0x34 ../../../../../project/mt2523_hdk/apps/fatfs_read_write_file/GCC/build/driver/chip/mt2523/src/hal_rtc.o
 .text.rtc_lpd_init
                0x08018a04       0xd8 ../../../../../project/mt2523_hdk/apps/fatfs_read_write_file/GCC/build/driver/chip/mt2523/src/hal_rtc.o
 .text.rtc_set_power_key
                0x08018adc       0x90 ../../../../../project/mt2523_hdk/apps/fatfs_read_write_file/GCC/build/driver/chip/mt2523/src/hal_rtc.o
 .text.hal_rtc_get_time
                0x08018b6c       0x5c ../../../../../project/mt2523_hdk/apps/fatfs_read_write_file/GCC/build/driver/chip/mt2523/src/hal_rtc.o
                0x08018b6c                hal_rtc_get_time
 .text.hal_rtc_get_alarm
                0x08018bc8       0x54 ../../../../../project/mt2523_hdk/apps/fatfs_read_write_file/GCC/build/driver/chip/mt2523/src/hal_rtc.o
                0x08018bc8                hal_rtc_get_alarm
 .text.hal_rtc_init
                0x08018c1c      0x674 ../../../../../project/mt2523_hdk/apps/fatfs_read_write_file/GCC/build/driver/chip/mt2523/src/hal_rtc.o
                0x08018c1c                hal_rtc_init
 .text.SF_DAL_Init_MXIC
                0x08019290       0x94 ../../../../../project/mt2523_hdk/apps/fatfs_read_write_file/GCC/build/driver/chip/mt2523/src/hal_flash_mtd_dal.o
                0x08019290                SF_DAL_Init_MXIC
 .text.SF_DAL_Init_WINBOND
                0x08019324       0x64 ../../../../../project/mt2523_hdk/apps/fatfs_read_write_file/GCC/build/driver/chip/mt2523/src/hal_flash_mtd_dal.o
                0x08019324                SF_DAL_Init_WINBOND
 .text.SF_DAL_Init_Common
                0x08019388       0xf0 ../../../../../project/mt2523_hdk/apps/fatfs_read_write_file/GCC/build/driver/chip/mt2523/src/hal_flash_mtd_dal.o
                0x08019388                SF_DAL_Init_Common
 .text.SF_DAL_Init_Vendor
                0x08019478       0x58 ../../../../../project/mt2523_hdk/apps/fatfs_read_write_file/GCC/build/driver/chip/mt2523/src/hal_flash_mtd_dal.o
                0x08019478                SF_DAL_Init_Vendor
 .text.SF_DAL_IOCtrl
                0x080194d0       0x50 ../../../../../project/mt2523_hdk/apps/fatfs_read_write_file/GCC/build/driver/chip/mt2523/src/hal_flash_mtd_dal.o
                0x080194d0                SF_DAL_IOCtrl
 .text.SF_DAL_Init_Driver
                0x08019520       0x6e ../../../../../project/mt2523_hdk/apps/fatfs_read_write_file/GCC/build/driver/chip/mt2523/src/hal_flash_mtd_dal.o
                0x08019520                SF_DAL_Init_Driver
 *fill*         0x0801958e        0x2 
 .text.CMEM_CheckValidDeviceID
                0x08019590       0x3c ../../../../../project/mt2523_hdk/apps/fatfs_read_write_file/GCC/build/driver/chip/mt2523/src/hal_flash_combo_init.o
                0x08019590                CMEM_CheckValidDeviceID
 .text.CMEM_Index
                0x080195cc       0x60 ../../../../../project/mt2523_hdk/apps/fatfs_read_write_file/GCC/build/driver/chip/mt2523/src/hal_flash_combo_init.o
                0x080195cc                CMEM_Index
 .text.CMEM_GetIDEntry
                0x0801962c       0x10 ../../../../../project/mt2523_hdk/apps/fatfs_read_write_file/GCC/build/driver/chip/mt2523/src/hal_flash_combo_init.o
                0x0801962c                CMEM_GetIDEntry
 .text.custom_get_NORFLASH_Size
                0x0801963c        0x6 ../../../../../project/mt2523_hdk/apps/fatfs_read_write_file/GCC/build/driver/chip/mt2523/src/hal_flash_custom.o
                0x0801963c                custom_get_NORFLASH_Size
 .text.Custom_NOR_Init
                0x08019642        0x4 ../../../../../project/mt2523_hdk/apps/fatfs_read_write_file/GCC/build/driver/chip/mt2523/src/hal_flash_custom.o
                0x08019642                Custom_NOR_Init
 .text.CMEM_BlockSize_Internal
                0x08019646       0x30 ../../../../../project/mt2523_hdk/apps/fatfs_read_write_file/GCC/build/driver/chip/mt2523/src/hal_flash_combo_nor.o
                0x08019646                CMEM_BlockSize_Internal
 *fill*         0x08019676        0x2 
 .text.CMEM_BlockSize
                0x08019678        0xc ../../../../../project/mt2523_hdk/apps/fatfs_read_write_file/GCC/build/driver/chip/mt2523/src/hal_flash_combo_nor.o
                0x08019678                CMEM_BlockSize
 .text.NOR_Get_FlashSizeFromBankInfo
                0x08019684       0x16 ../../../../../project/mt2523_hdk/apps/fatfs_read_write_file/GCC/build/driver/chip/mt2523/src/hal_flash_combo_nor.o
                0x08019684                NOR_Get_FlashSizeFromBankInfo
 .text.CMEM_NOR_Construct_RegionInfo_Internal
                0x0801969a       0x62 ../../../../../project/mt2523_hdk/apps/fatfs_read_write_file/GCC/build/driver/chip/mt2523/src/hal_flash_combo_nor.o
                0x0801969a                CMEM_NOR_Construct_RegionInfo_Internal
 .text.NOR_Construct_RegionInfo
                0x080196fc       0x28 ../../../../../project/mt2523_hdk/apps/fatfs_read_write_file/GCC/build/driver/chip/mt2523/src/hal_flash_combo_nor.o
                0x080196fc                NOR_Construct_RegionInfo
 .text.CMEM_Init_nor_list
                0x08019724       0x50 ../../../../../project/mt2523_hdk/apps/fatfs_read_write_file/GCC/build/driver/chip/mt2523/src/hal_flash_combo_nor.o
                0x08019724                CMEM_Init_nor_list
 .text.CMEM_Init_FullDriver
                0x08019774       0xe8 ../../../../../project/mt2523_hdk/apps/fatfs_read_write_file/GCC/build/driver/chip/mt2523/src/hal_flash_combo_nor.o
                0x08019774                CMEM_Init_FullDriver
 .text.GetFDMLock
                0x0801985c       0x4c ../../../../../project/mt2523_hdk/apps/fatfs_read_write_file/GCC/build/driver/chip/mt2523/src/hal_flash_disk.o
                0x0801985c                GetFDMLock
 .text.FreeFDMLock
                0x080198a8       0x3c ../../../../../project/mt2523_hdk/apps/fatfs_read_write_file/GCC/build/driver/chip/mt2523/src/hal_flash_disk.o
                0x080198a8                FreeFDMLock
 .text.retrieve_FDM_lock
                0x080198e4        0xc ../../../../../project/mt2523_hdk/apps/fatfs_read_write_file/GCC/build/driver/chip/mt2523/src/hal_flash_disk.o
                0x080198e4                retrieve_FDM_lock
 .text.MountDevice
                0x080198f0       0x48 ../../../../../project/mt2523_hdk/apps/fatfs_read_write_file/GCC/build/driver/chip/mt2523/src/hal_flash_disk.o
 .text.NOR_init
                0x08019938       0x28 ../../../../../project/mt2523_hdk/apps/fatfs_read_write_file/GCC/build/driver/chip/mt2523/src/hal_flash_disk.o
                0x08019938                NOR_init
 .text.hal_flash_init
                0x08019960        0xa ../../../../../project/mt2523_hdk/apps/fatfs_read_write_file/GCC/build/driver/chip/mt2523/src/hal_flash_disk.o
                0x08019960                hal_flash_init
 *fill*         0x0801996a        0x2 
 .text.pmu_eint_handler
                0x0801996c      0x258 ../../../../../project/mt2523_hdk/apps/fatfs_read_write_file/GCC/build/driver/chip/mt2523/src/hal_pmu.o
                0x0801996c                pmu_eint_handler
 .text.Wrap_D2D_I2C_Write
                0x08019bc4       0x2a ../../../../../project/mt2523_hdk/apps/fatfs_read_write_file/GCC/build/driver/chip/mt2523/src/hal_pmu.o
                0x08019bc4                Wrap_D2D_I2C_Write
 .text.Wrap_D2D_I2C_Read
                0x08019bee       0x3a ../../../../../project/mt2523_hdk/apps/fatfs_read_write_file/GCC/build/driver/chip/mt2523/src/hal_pmu.o
                0x08019bee                Wrap_D2D_I2C_Read
 .text.pmu_set_register_value_mt6385
                0x08019c28       0x62 ../../../../../project/mt2523_hdk/apps/fatfs_read_write_file/GCC/build/driver/chip/mt2523/src/hal_pmu.o
                0x08019c28                pmu_set_register_value_mt6385
 .text.pmu_get_register_value_mt6385
                0x08019c8a       0x3c ../../../../../project/mt2523_hdk/apps/fatfs_read_write_file/GCC/build/driver/chip/mt2523/src/hal_pmu.o
                0x08019c8a                pmu_get_register_value_mt6385
 *fill*         0x08019cc6        0x2 
 .text.pmu_eint_init
                0x08019cc8       0x30 ../../../../../project/mt2523_hdk/apps/fatfs_read_write_file/GCC/build/driver/chip/mt2523/src/hal_pmu.o
                0x08019cc8                pmu_eint_init
 .text.pmu_enable_interrupt
                0x08019cf8      0x27e ../../../../../project/mt2523_hdk/apps/fatfs_read_write_file/GCC/build/driver/chip/mt2523/src/hal_pmu.o
                0x08019cf8                pmu_enable_interrupt
 *fill*         0x08019f76        0x2 
 .text.pmu_register_callback
                0x08019f78       0x4c ../../../../../project/mt2523_hdk/apps/fatfs_read_write_file/GCC/build/driver/chip/mt2523/src/hal_pmu.o
                0x08019f78                pmu_register_callback
 .text.pmu_init_power_mode
                0x08019fc4      0x23e ../../../../../project/mt2523_hdk/apps/fatfs_read_write_file/GCC/build/driver/chip/mt2523/src/hal_pmu.o
                0x08019fc4                pmu_init_power_mode
 *fill*         0x0801a202        0x2 
 .text.pmu_init_mt6385
                0x0801a204      0x1e4 ../../../../../project/mt2523_hdk/apps/fatfs_read_write_file/GCC/build/driver/chip/mt2523/src/hal_pmu.o
                0x0801a204                pmu_init_mt6385
 .text.pmu_auxadc_init
                0x0801a3e8       0x52 ../../../../../project/mt2523_hdk/apps/fatfs_read_write_file/GCC/build/driver/chip/mt2523/src/hal_pmu_auxadc.o
                0x0801a3e8                pmu_auxadc_init
 *fill*         0x0801a43a        0x2 
 .text.internal_pmu_ctrl_power
                0x0801a43c       0x40 ../../../../../project/mt2523_hdk/apps/fatfs_read_write_file/GCC/build/driver/chip/mt2523/src/hal_pmu_wrap_interface.o
 .text.pmu_init
                0x0801a47c       0x1c ../../../../../project/mt2523_hdk/apps/fatfs_read_write_file/GCC/build/driver/chip/mt2523/src/hal_pmu_wrap_interface.o
                0x0801a47c                pmu_init
 .text.pmu_set_register_value
                0x0801a498        0x4 ../../../../../project/mt2523_hdk/apps/fatfs_read_write_file/GCC/build/driver/chip/mt2523/src/hal_pmu_wrap_interface.o
                0x0801a498                pmu_set_register_value
 .text.pmu_get_register_value
                0x0801a49c        0x4 ../../../../../project/mt2523_hdk/apps/fatfs_read_write_file/GCC/build/driver/chip/mt2523/src/hal_pmu_wrap_interface.o
                0x0801a49c                pmu_get_register_value
 .text.pmu_get_vcore_voltage
                0x0801a4a0        0x4 ../../../../../project/mt2523_hdk/apps/fatfs_read_write_file/GCC/build/driver/chip/mt2523/src/hal_pmu_wrap_interface.o
                0x0801a4a0                pmu_get_vcore_voltage
 .text.pmu_set_vcore_voltage
                0x0801a4a4        0x4 ../../../../../project/mt2523_hdk/apps/fatfs_read_write_file/GCC/build/driver/chip/mt2523/src/hal_pmu_wrap_interface.o
                0x0801a4a4                pmu_set_vcore_voltage
 .text.pmu_ctrl_driver_power
                0x0801a4a8        0x4 ../../../../../project/mt2523_hdk/apps/fatfs_read_write_file/GCC/build/driver/chip/mt2523/src/hal_pmu_wrap_interface.o
                0x0801a4a8                pmu_ctrl_driver_power
 .text.log_hal_error_internal
                0x0801a4ac       0x30 ../../../../../project/mt2523_hdk/apps/fatfs_read_write_file/GCC/build/driver/chip/mt2523/src/hal_log.o
                0x0801a4ac                log_hal_error_internal
 .text.log_hal_warning_internal
                0x0801a4dc       0x30 ../../../../../project/mt2523_hdk/apps/fatfs_read_write_file/GCC/build/driver/chip/mt2523/src/hal_log.o
                0x0801a4dc                log_hal_warning_internal
 .text.log_hal_info_internal
                0x0801a50c       0x30 ../../../../../project/mt2523_hdk/apps/fatfs_read_write_file/GCC/build/driver/chip/mt2523/src/hal_log.o
                0x0801a50c                log_hal_info_internal
 .text.hal_dcxo_init
                0x0801a53c       0x40 ../../../../../project/mt2523_hdk/apps/fatfs_read_write_file/GCC/build/driver/chip/mt2523/src/hal_dcxo.o
                0x0801a53c                hal_dcxo_init
 .text.pmu_set_ovr_mode_mt6385.part.0
                0x0801a57c       0x1a ../../../../../project/mt2523_hdk/apps/fatfs_read_write_file/GCC/build/driver/chip/mt2523/src/hal_pmu_internal.o
 .text.pmu_set_vrc_key_mt6385.part.1
                0x0801a596       0x1e ../../../../../project/mt2523_hdk/apps/fatfs_read_write_file/GCC/build/driver/chip/mt2523/src/hal_pmu_internal.o
 .text.PMIC_VR_CONTROL
                0x0801a5b4      0x278 ../../../../../project/mt2523_hdk/apps/fatfs_read_write_file/GCC/build/driver/chip/mt2523/src/hal_pmu_internal.o
                0x0801a5b4                PMIC_VR_CONTROL
 .text.pmu_get_vcore_setting_index
                0x0801a82c       0x34 ../../../../../project/mt2523_hdk/apps/fatfs_read_write_file/GCC/build/driver/chip/mt2523/src/hal_pmu_internal.o
                0x0801a82c                pmu_get_vcore_setting_index
 .text.pmu_get_vcore_voltage_mt6385
                0x0801a860       0x28 ../../../../../project/mt2523_hdk/apps/fatfs_read_write_file/GCC/build/driver/chip/mt2523/src/hal_pmu_internal.o
                0x0801a860                pmu_get_vcore_voltage_mt6385
 .text.pmu_set_ovr_mode_mt6385
                0x0801a888       0x12 ../../../../../project/mt2523_hdk/apps/fatfs_read_write_file/GCC/build/driver/chip/mt2523/src/hal_pmu_internal.o
                0x0801a888                pmu_set_ovr_mode_mt6385
 .text.pmu_set_vrc_key_mt6385
                0x0801a89a       0x2a ../../../../../project/mt2523_hdk/apps/fatfs_read_write_file/GCC/build/driver/chip/mt2523/src/hal_pmu_internal.o
                0x0801a89a                pmu_set_vrc_key_mt6385
 .text.PMIC_VR_PSI_PMOD_CONFIG
                0x0801a8c4      0x32c ../../../../../project/mt2523_hdk/apps/fatfs_read_write_file/GCC/build/driver/chip/mt2523/src/hal_pmu_internal.o
                0x0801a8c4                PMIC_VR_PSI_PMOD_CONFIG
 .text.PMIC_VR_SLEEP_WKUP_CONFIG
                0x0801abf0      0x324 ../../../../../project/mt2523_hdk/apps/fatfs_read_write_file/GCC/build/driver/chip/mt2523/src/hal_pmu_internal.o
                0x0801abf0                PMIC_VR_SLEEP_WKUP_CONFIG
 .text.pmu_ctrl_va28_ldo_mt6385
                0x0801af14       0x74 ../../../../../project/mt2523_hdk/apps/fatfs_read_write_file/GCC/build/driver/chip/mt2523/src/hal_pmu_internal.o
                0x0801af14                pmu_ctrl_va28_ldo_mt6385
 .text.pmu_ctrl_vbt_ldo_mt6385
                0x0801af88       0x4a ../../../../../project/mt2523_hdk/apps/fatfs_read_write_file/GCC/build/driver/chip/mt2523/src/hal_pmu_internal.o
                0x0801af88                pmu_ctrl_vbt_ldo_mt6385
 *fill*         0x0801afd2        0x2 
 .text.PMIC_VCORE_VOSEL_CONFIG
                0x0801afd4       0xe4 ../../../../../project/mt2523_hdk/apps/fatfs_read_write_file/GCC/build/driver/chip/mt2523/src/hal_pmu_internal.o
                0x0801afd4                PMIC_VCORE_VOSEL_CONFIG
 .text.pmu_set_vcore_voltage_mt6385
                0x0801b0b8       0xd0 ../../../../../project/mt2523_hdk/apps/fatfs_read_write_file/GCC/build/driver/chip/mt2523/src/hal_pmu_internal.o
                0x0801b0b8                pmu_set_vcore_voltage_mt6385
 .text.hal_dvfs_target_cpu_frequency
                0x0801b188      0x188 ../../../../../project/mt2523_hdk/apps/fatfs_read_write_file/GCC/build/driver/chip/mt2523/src/hal_dvfs.o
                0x0801b188                hal_dvfs_target_cpu_frequency
 .text.hal_dvfs_init
                0x0801b310       0x34 ../../../../../project/mt2523_hdk/apps/fatfs_read_write_file/GCC/build/driver/chip/mt2523/src/hal_dvfs.o
                0x0801b310                hal_dvfs_init
 .text.dvfs_notify_is_valid
                0x0801b344       0x50 ../../../../../project/mt2523_hdk/apps/fatfs_read_write_file/GCC/build/driver/chip/mt2523/src/hal_dvfs_internal.o
                0x0801b344                dvfs_notify_is_valid
 .text.dvfs_notify_prepare
                0x0801b394       0x46 ../../../../../project/mt2523_hdk/apps/fatfs_read_write_file/GCC/build/driver/chip/mt2523/src/hal_dvfs_internal.o
                0x0801b394                dvfs_notify_prepare
 .text.dvfs_query_frequency
                0x0801b3da       0x20 ../../../../../project/mt2523_hdk/apps/fatfs_read_write_file/GCC/build/driver/chip/mt2523/src/hal_dvfs_internal.o
                0x0801b3da                dvfs_query_frequency
 *fill*         0x0801b3fa        0x2 
 .text._dvfs_query_domain
                0x0801b3fc       0x20 ../../../../../project/mt2523_hdk/apps/fatfs_read_write_file/GCC/build/driver/chip/mt2523/src/hal_dvfs_internal.o
                0x0801b3fc                _dvfs_query_domain
 .text._dvfs_map_opp_module
                0x0801b41c       0x24 ../../../../../project/mt2523_hdk/apps/fatfs_read_write_file/GCC/build/driver/chip/mt2523/src/hal_dvfs_internal.o
                0x0801b41c                _dvfs_map_opp_module
 .text.dvfs_register_domain
                0x0801b440       0x5c ../../../../../project/mt2523_hdk/apps/fatfs_read_write_file/GCC/build/driver/chip/mt2523/src/hal_dvfs_internal.o
                0x0801b440                dvfs_register_domain
 .text.dvfs_register_notification
                0x0801b49c       0xcc ../../../../../project/mt2523_hdk/apps/fatfs_read_write_file/GCC/build/driver/chip/mt2523/src/hal_dvfs_internal.o
                0x0801b49c                dvfs_register_notification
 .text.dvfs_deregister_notification
                0x0801b568       0x5c ../../../../../project/mt2523_hdk/apps/fatfs_read_write_file/GCC/build/driver/chip/mt2523/src/hal_dvfs_internal.o
                0x0801b568                dvfs_deregister_notification
 .text.dvfs_lock
                0x0801b5c4       0xcc ../../../../../project/mt2523_hdk/apps/fatfs_read_write_file/GCC/build/driver/chip/mt2523/src/hal_dvfs_internal.o
                0x0801b5c4                dvfs_lock
 .text.dvfs_unlock
                0x0801b690       0x68 ../../../../../project/mt2523_hdk/apps/fatfs_read_write_file/GCC/build/driver/chip/mt2523/src/hal_dvfs_internal.o
                0x0801b690                dvfs_unlock
 .text.dvfs_vcore_get_next_module
                0x0801b6f8       0x1e ../../../../../project/mt2523_hdk/apps/fatfs_read_write_file/GCC/build/driver/chip/mt2523/src/hal_dvfs_internal_vcore.o
 *fill*         0x0801b716        0x2 
 .text.dvfs_vcore_switch_voltage
                0x0801b718       0x40 ../../../../../project/mt2523_hdk/apps/fatfs_read_write_file/GCC/build/driver/chip/mt2523/src/hal_dvfs_internal_vcore.o
 .text.dvfs_vcore_domain_initialize
                0x0801b758       0xa0 ../../../../../project/mt2523_hdk/apps/fatfs_read_write_file/GCC/build/driver/chip/mt2523/src/hal_dvfs_internal_vcore.o
                0x0801b758                dvfs_vcore_domain_initialize
 .text.hal_module_sleep_register_callback
                0x0801b7f8       0x98 ../../../../../project/mt2523_hdk/apps/fatfs_read_write_file/GCC/build/driver/chip/mt2523/src/hal_misc.o
                0x0801b7f8                hal_module_sleep_register_callback
 .text.hal_display_dsi_power_on
                0x0801b890       0x14 ../../../../../project/mt2523_hdk/apps/fatfs_read_write_file/GCC/build/driver/chip/mt2523/src/hal_display_dsi.o
                0x0801b890                hal_display_dsi_power_on
 .text.hal_display_dsi_init
                0x0801b8a4       0x30 ../../../../../project/mt2523_hdk/apps/fatfs_read_write_file/GCC/build/driver/chip/mt2523/src/hal_display_dsi.o
                0x0801b8a4                hal_display_dsi_init
 .text.hal_display_dsi_power_off
                0x0801b8d4       0x14 ../../../../../project/mt2523_hdk/apps/fatfs_read_write_file/GCC/build/driver/chip/mt2523/src/hal_display_dsi.o
                0x0801b8d4                hal_display_dsi_power_off
 .text.hal_display_dsi_deinit
                0x0801b8e8       0x14 ../../../../../project/mt2523_hdk/apps/fatfs_read_write_file/GCC/build/driver/chip/mt2523/src/hal_display_dsi.o
                0x0801b8e8                hal_display_dsi_deinit
 .text.hal_display_dsi_set_transfer_mode
                0x0801b8fc        0xe ../../../../../project/mt2523_hdk/apps/fatfs_read_write_file/GCC/build/driver/chip/mt2523/src/hal_display_dsi.o
                0x0801b8fc                hal_display_dsi_set_transfer_mode
 *fill*         0x0801b90a        0x2 
 .text.display_dsi_isr
                0x0801b90c       0x34 ../../../../../project/mt2523_hdk/apps/fatfs_read_write_file/GCC/build/driver/chip/mt2523/src/hal_display_dsi.o
 .text.display_dsi_enter_ulps
                0x0801b940       0x3c ../../../../../project/mt2523_hdk/apps/fatfs_read_write_file/GCC/build/driver/chip/mt2523/src/hal_display_dsi_internal.o
                0x0801b940                display_dsi_enter_ulps
 .text.display_dsi_deinit
                0x0801b97c       0xb0 ../../../../../project/mt2523_hdk/apps/fatfs_read_write_file/GCC/build/driver/chip/mt2523/src/hal_display_dsi_internal.o
                0x0801b97c                display_dsi_deinit
 .text.display_dsi_exit_ulps
                0x0801ba2c       0x50 ../../../../../project/mt2523_hdk/apps/fatfs_read_write_file/GCC/build/driver/chip/mt2523/src/hal_display_dsi_internal.o
                0x0801ba2c                display_dsi_exit_ulps
 .text.display_dsi_init
                0x0801ba7c      0x268 ../../../../../project/mt2523_hdk/apps/fatfs_read_write_file/GCC/build/driver/chip/mt2523/src/hal_display_dsi_internal.o
                0x0801ba7c                display_dsi_init
 .text.display_dsi_set_transfer_mode
                0x0801bce4       0x50 ../../../../../project/mt2523_hdk/apps/fatfs_read_write_file/GCC/build/driver/chip/mt2523/src/hal_display_dsi_internal.o
                0x0801bce4                display_dsi_set_transfer_mode
 .text.hal_dwt_reset
                0x0801bd34       0x2c ../../../../../project/mt2523_hdk/apps/fatfs_read_write_file/GCC/build/driver/chip/mt2523/src/hal_dwt.o
                0x0801bd34                hal_dwt_reset
 .text.hal_dwt_init
                0x0801bd60       0x58 ../../../../../project/mt2523_hdk/apps/fatfs_read_write_file/GCC/build/driver/chip/mt2523/src/hal_dwt.o
                0x0801bd60                hal_dwt_init
 .text.hal_dwt_request_watchpoint
                0x0801bdb8       0x58 ../../../../../project/mt2523_hdk/apps/fatfs_read_write_file/GCC/build/driver/chip/mt2523/src/hal_dwt.o
                0x0801bdb8                hal_dwt_request_watchpoint
 .text.fatfs_test_by_partition.constprop.0
                0x0801be10      0x24c ../../../../../project/mt2523_hdk/apps/fatfs_read_write_file/GCC/build/project/mt2523_hdk/apps/fatfs_read_write_file/src/main.o
 .text.startup.main
                0x0801c05c       0x50 ../../../../../project/mt2523_hdk/apps/fatfs_read_write_file/GCC/build/project/mt2523_hdk/apps/fatfs_read_write_file/src/main.o
                0x0801c05c                main